Component: ARM Compiler 6.7 Tool: armlink [5c9ef700]

==============================================================================

Section Cross References

    startup_stm32f411xe.o(STACK) refers (Special) to heapauxi.o(.text) for __use_two_region_memory
    startup_stm32f411xe.o(HEAP) refers (Special) to heapauxi.o(.text) for __use_two_region_memory
    startup_stm32f411xe.o(RESET) refers (Special) to heapauxi.o(.text) for __use_two_region_memory
    startup_stm32f411xe.o(RESET) refers to startup_stm32f411xe.o(STACK) for __initial_sp
    startup_stm32f411xe.o(RESET) refers to startup_stm32f411xe.o(.text) for Reset_Handler
    startup_stm32f411xe.o(RESET) refers to stm32f4xx_it.o(.text.NMI_Handler) for NMI_Handler
    startup_stm32f411xe.o(RESET) refers to stm32f4xx_it.o(.text.HardFault_Handler) for HardFault_Handler
    startup_stm32f411xe.o(RESET) refers to stm32f4xx_it.o(.text.MemManage_Handler) for MemManage_Handler
    startup_stm32f411xe.o(RESET) refers to stm32f4xx_it.o(.text.BusFault_Handler) for BusFault_Handler
    startup_stm32f411xe.o(RESET) refers to stm32f4xx_it.o(.text.UsageFault_Handler) for UsageFault_Handler
    startup_stm32f411xe.o(RESET) refers to stm32f4xx_it.o(.text.SVC_Handler) for SVC_Handler
    startup_stm32f411xe.o(RESET) refers to stm32f4xx_it.o(.text.DebugMon_Handler) for DebugMon_Handler
    startup_stm32f411xe.o(RESET) refers to stm32f4xx_it.o(.text.PendSV_Handler) for PendSV_Handler
    startup_stm32f411xe.o(RESET) refers to stm32f4xx_it.o(.text.SysTick_Handler) for SysTick_Handler
    startup_stm32f411xe.o(RESET) refers to stm32f4xx_it.o(.text.DMA2_Stream0_IRQHandler) for DMA2_Stream0_IRQHandler
    startup_stm32f411xe.o(RESET) refers to stm32f4xx_it.o(.text.DMA2_Stream2_IRQHandler) for DMA2_Stream2_IRQHandler
    startup_stm32f411xe.o(RESET) refers to stm32f4xx_it.o(.text.DMA2_Stream3_IRQHandler) for DMA2_Stream3_IRQHandler
    startup_stm32f411xe.o(RESET) refers to stm32f4xx_it.o(.text.OTG_FS_IRQHandler) for OTG_FS_IRQHandler
    startup_stm32f411xe.o(RESET) refers to stm32f4xx_it.o(.text.DMA2_Stream7_IRQHandler) for DMA2_Stream7_IRQHandler
    startup_stm32f411xe.o(.text) refers (Special) to heapauxi.o(.text) for __use_two_region_memory
    startup_stm32f411xe.o(.text) refers to system_stm32f4xx.o(.text.SystemInit) for SystemInit
    startup_stm32f411xe.o(.text) refers to __main.o(!!!main) for __main
    startup_stm32f411xe.o(.text) refers to startup_stm32f411xe.o(HEAP) for Heap_Mem
    startup_stm32f411xe.o(.text) refers to startup_stm32f411xe.o(STACK) for Stack_Mem
    main.o(.text.HAL_ADC_ConvCpltCallback) refers to stm32f4xx_hal_adc.o(.text.HAL_ADC_Start_DMA) for HAL_ADC_Start_DMA
    main.o(.text.HAL_ADC_ConvCpltCallback) refers to main.o(.bss.FFTInput) for FFTInput
    main.o(.text.HAL_ADC_ConvCpltCallback) refers to main.o(.bss.ADC_BUFF) for ADC_BUFF
    main.o(.text.HAL_ADC_ConvCpltCallback) refers to main.o(.data..L_MergedGlobals) for [Anonymous Symbol]
    main.o(.text.HAL_ADC_ConvCpltCallback) refers to main.o(.bss..L_MergedGlobals.1) for [Anonymous Symbol]
    main.o(.ARM.exidx.text.HAL_ADC_ConvCpltCallback) refers to main.o(.text.HAL_ADC_ConvCpltCallback) for [Anonymous Symbol]
    main.o(.text.print) refers to strlen.o(.text) for strlen
    main.o(.text.print) refers to stm32f4xx_hal_uart.o(.text.HAL_UART_Transmit_DMA) for HAL_UART_Transmit_DMA
    main.o(.text.print) refers to main.o(.data..L_MergedGlobals) for [Anonymous Symbol]
    main.o(.ARM.exidx.text.print) refers to main.o(.text.print) for [Anonymous Symbol]
    main.o(.text.printUSB) refers to strlen.o(.text) for strlen
    main.o(.text.printUSB) refers to usbd_cdc_if.o(.text.CDC_Transmit_FS) for CDC_Transmit_FS
    main.o(.ARM.exidx.text.printUSB) refers to main.o(.text.printUSB) for [Anonymous Symbol]
    main.o(.text.blockSendUSB) refers to usbd_cdc_if.o(.text.CDC_Transmit_FS) for CDC_Transmit_FS
    main.o(.ARM.exidx.text.blockSendUSB) refers to main.o(.text.blockSendUSB) for [Anonymous Symbol]
    main.o(.text.test) refers to f2d.o(x$fpl$f2d) for __aeabi_f2d
    main.o(.text.test) refers to sin.o(i.__hardfp_sin) for __hardfp_sin
    main.o(.text.test) refers to dmul.o(x$fpl$dmul) for __aeabi_dmul
    main.o(.text.test) refers to d2f.o(x$fpl$d2f) for __aeabi_d2f
    main.o(.text.test) refers to main.o(.bss.FFTInput) for FFTInput
    main.o(.text.test) refers to main.o(.data..L_MergedGlobals) for [Anonymous Symbol]
    main.o(.ARM.exidx.text.test) refers to main.o(.text.test) for [Anonymous Symbol]
    main.o(.text.main) refers to stm32f4xx_hal.o(.text.HAL_Init) for HAL_Init
    main.o(.text.main) refers to main.o(.text.SystemClock_Config) for SystemClock_Config
    main.o(.text.main) refers to stm32f4xx_hal_gpio.o(.text.HAL_GPIO_WritePin) for HAL_GPIO_WritePin
    main.o(.text.main) refers to stm32f4xx_hal_gpio.o(.text.HAL_GPIO_Init) for HAL_GPIO_Init
    main.o(.text.main) refers to stm32f4xx_hal_adc.o(.text.HAL_ADC_Init) for HAL_ADC_Init
[...]
    __arm_cp.5_10                            0x08005ea8   Number         4  main.o(.text.main)
    __arm_cp.5_11                            0x08005eac   Number         4  main.o(.text.main)
    __arm_cp.5_12                            0x08005eb0   Number         4  main.o(.text.main)
    __arm_cp.5_13                            0x08005eb4   Number         4  main.o(.text.main)
    __arm_cp.5_14                            0x08005eb8   Number         4  main.o(.text.main)
    __arm_cp.5_15                            0x08005ebc   Number         4  main.o(.text.main)
    __arm_cp.5_16                            0x08005ec0   Number         4  main.o(.text.main)
    __arm_cp.5_17                            0x08005ec4   Number         4  main.o(.text.main)
    __arm_cp.5_18                            0x08005ec8   Number         4  main.o(.text.main)
    __arm_cp.5_20                            0x08005ed0   Number         4  main.o(.text.main)
    __arm_cp.5_22                            0x08005ed8   Number         4  main.o(.text.main)
    [Anonymous Symbol]                       0x08005edc   Section        0  main.o(.text.printUSB)
    i.sqrtf                                  0x08005ef8   Section        0  sqrtf.o(i.sqrtf)
    x$fpl$fadd                               0x08005f36   Section       18  faddsub_clz.o(x$fpl$fadd)
    $v0                                      0x08005f36   Number         0  faddsub_clz.o(x$fpl$fadd)
    x$fpl$fdiv                               0x08005f48   Section       18  fdiv.o(x$fpl$fdiv)
    $v0                                      0x08005f48   Number         0  fdiv.o(x$fpl$fdiv)
    x$fpl$ffltu                              0x08005f5a   Section       14  fflt_clz.o(x$fpl$ffltu)
    $v0                                      0x08005f5a   Number         0  fflt_clz.o(x$fpl$ffltu)
    x$fpl$fmul                               0x08005f68   Section       18  fmul.o(x$fpl$fmul)
    $v0                                      0x08005f68   Number         0  fmul.o(x$fpl$fmul)
    x$fpl$fpinit                             0x08005f7a   Section       10  fpinit.o(x$fpl$fpinit)
    $v0                                      0x08005f7a   Number         0  fpinit.o(x$fpl$fpinit)
    x$fpl$fsub                               0x08005f84   Section       18  faddsub_clz.o(x$fpl$fsub)
    $v0                                      0x08005f84   Number         0  faddsub_clz.o(x$fpl$fsub)
    x$fpl$usenofp                            0x08005f96   Section        0  usenofp.o(x$fpl$usenofp)
    .constdata                               0x08005f98   Section       16  arm_const_structs.o(.constdata)
    .constdata                               0x08005fa8   Section     8192  arm_common_tables.o(.constdata)
    .constdata                               0x08007fa8   Section     3600  arm_common_tables.o(.constdata)
    [Anonymous Symbol]                       0x20000000   Section        0  main.o(.data..L_MergedGlobals)
    [Anonymous Symbol]                       0x2000006c   Section        0  stm32f4xx_hal.o(.data..L_MergedGlobals)
    [Anonymous Symbol]                       0x200000d0   Section        0  usbd_cdc.o(.data.USBD_CDC_CfgFSDesc)
    USBD_CDC_CfgFSDesc                       0x200000d0   Data          67  usbd_cdc.o(.data.USBD_CDC_CfgFSDesc)
    [Anonymous Symbol]                       0x20000114   Section        0  usbd_cdc.o(.data.USBD_CDC_CfgHSDesc)
    USBD_CDC_CfgHSDesc                       0x20000114   Data          67  usbd_cdc.o(.data.USBD_CDC_CfgHSDesc)
    [Anonymous Symbol]                       0x20000158   Section        0  usbd_cdc.o(.data.USBD_CDC_DeviceQualifierDesc)
    USBD_CDC_DeviceQualifierDesc             0x20000158   Data          10  usbd_cdc.o(.data.USBD_CDC_DeviceQualifierDesc)
    [Anonymous Symbol]                       0x20000164   Section        0  usbd_cdc.o(.data.USBD_CDC_OtherSpeedCfgDesc)
    USBD_CDC_OtherSpeedCfgDesc               0x20000164   Data          67  usbd_cdc.o(.data.USBD_CDC_OtherSpeedCfgDesc)
    .bss                                     0x200001f0   Section       96  libspace.o(.bss)
    [Anonymous Symbol]                       0x20000250   Section        0  main.o(.bss..L_MergedGlobals.1)
    [Anonymous Symbol]                       0x200002a0   Section        0  main.o(.bss..L_MergedGlobals.2)
    [Anonymous Symbol]                       0x200002f0   Section        0  main.o(.bss..L_MergedGlobals.3)
    [Anonymous Symbol]                       0x20000340   Section        0  main.o(.bss..L_MergedGlobals.4)
    [Anonymous Symbol]                       0x20000390   Section        0  main.o(.bss..L_MergedGlobals.5)
    [Anonymous Symbol]                       0x20002be8   Section        0  main.o(.bss.FFTResult)
    FFTResult                                0x20002be8   Data        4096  main.o(.bss.FFTResult)
    [Anonymous Symbol]                       0x20003be8   Section        0  usbd_ctlreq.o(.bss.USBD_SetConfig.cfgidx)
    USBD_SetConfig.cfgidx                    0x20003be8   Data           1  usbd_ctlreq.o(.bss.USBD_SetConfig.cfgidx)
    [Anonymous Symbol]                       0x20003dec   Section        0  usbd_conf.o(.bss.USBD_static_malloc.mem)
    USBD_static_malloc.mem                   0x20003dec   Data         544  usbd_conf.o(.bss.USBD_static_malloc.mem)
    HEAP                                     0x20005c68   Section      512  startup_stm32f411xe.o(HEAP)
    Heap_Mem                                 0x20005c68   Data         512  startup_stm32f411xe.o(HEAP)
    STACK                                    0x20005e68   Section     1024  startup_stm32f411xe.o(STACK)
    Stack_Mem                                0x20005e68   Data        1024  startup_stm32f411xe.o(STACK)
    __initial_sp                             0x20006268   Data           0  startup_stm32f411xe.o(STACK)

    Global Symbols

    Symbol Name                              Value     Ov Type        Size  Object(Section)

    BuildAttributes$$THM_ISAv4$E$P$D$K$B$S$7EM$VFPi3$EXTD16$VFPS$VFMA$PE$A:L22UL41UL21$X:L11$S22US41US21$IEEE1$IW$~IW$USESV6$~STKCKD$USESV7$~SHL$OTIME$ROPI$IEEEX$EBA8$UX$STANDARDLIB$REQ8$PRES8$EABIv2 0x00000000   Number         0  anon$$obj.o ABSOLUTE
    __ARM_exceptions_init                     - Undefined Weak Reference
    __alloca_initialize                       - Undefined Weak Reference
    __arm_preinit_                            - Undefined Weak Reference
    __cpp_initialize__aeabi_                  - Undefined Weak Reference
    __cxa_finalize                            - Undefined Weak Reference
    __rt_locale                               - Undefined Weak Reference
    __sigvec_lookup                           - Undefined Weak Reference
    _atexit_init                              - Undefined Weak Reference
    _call_atexit_fns                          - Undefined Weak Reference
    _clock_init                               - Undefined Weak Reference
    _fp_trap_init                             - Undefined Weak Reference
    _fp_trap_shutdown                         - Undefined Weak Reference
    _get_lc_collate                           - Undefined Weak Reference
    _get_lc_ctype                             - Undefined Weak Reference
    _get_lc_monetary                          - Undefined Weak Reference
    _get_lc_numeric                           - Undefined Weak Reference
    _get_lc_time                              - Undefined Weak Reference
    _getenv_init                              - Undefined Weak Reference
    _handle_redirection                       - Undefined Weak Reference
    _init_alloc                               - Undefined Weak Reference
    _init_user_alloc                          - Undefined Weak Reference
    _initio                                   - Undefined Weak Reference
    _rand_init                                - Undefined Weak Reference
    _signal_finish                            - Undefined Weak Reference
    _signal_init                              - Undefined Weak Reference
    _terminate_alloc                          - Undefined Weak Reference
    _terminate_user_alloc                     - Undefined Weak Reference
    _terminateio                              - Undefined Weak Reference
    __Vectors_Size                           0x00000198   Number         0  startup_stm32f411xe.o ABSOLUTE
    __Vectors                                0x08000000   Data           4  startup_stm32f411xe.o(RESET)
    __Vectors_End                            0x08000198   Data           0  startup_stm32f411xe.o(RESET)
    __main                                   0x08000199   Thumb Code     8  __main.o(!!!main)
    __scatterload                            0x080001a1   Thumb Code     0  __scatter.o(!!!scatter)
    __scatterload_rt2                        0x080001a1   Thumb Code    44  __scatter.o(!!!scatter)
    __scatterload_rt2_thumb_only             0x080001a1   Thumb Code     0  __scatter.o(!!!scatter)
    __scatterload_null                       0x080001af   Thumb Code     0  __scatter.o(!!!scatter)
    __decompress                             0x080001d5   Thumb Code    90  __dczerorl2.o(!!dczerorl2)
    __decompress1                            0x080001d5   Thumb Code     0  __dczerorl2.o(!!dczerorl2)
    __scatterload_zeroinit                   0x08000231   Thumb Code    28  __scatter_zi.o(!!handler_zi)
    arm_bitreversal_32                       0x0800024d   Thumb Code   106  arm_bitreversal2.o(. text)
    arm_bitreversal_16                       0x080002b7   Thumb Code    86  arm_bitreversal2.o(. text)
    __rt_lib_init                            0x0800030d   Thumb Code     0  libinit.o(.ARM.Collect$$libinit$$00000000)
    __rt_lib_init_fp_1                       0x0800030f   Thumb Code     0  libinit2.o(.ARM.Collect$$libinit$$00000001)
    __rt_lib_init_alloca_1                   0x08000313   Thumb Code     0  libinit2.o(.ARM.Collect$$libinit$$0000002E)
    __rt_lib_init_argv_1                     0x08000313   Thumb Code     0  libinit2.o(.ARM.Collect$$libinit$$0000002C)
    __rt_lib_init_atexit_1                   0x08000313   Thumb Code     0  libinit2.o(.ARM.Collect$$libinit$$0000001B)
    __rt_lib_init_clock_1                    0x08000313   Thumb Code     0  libinit2.o(.ARM.Collect$$libinit$$00000021)
    __rt_lib_init_cpp_1                      0x08000313   Thumb Code     0  libinit2.o(.ARM.Collect$$libinit$$00000032)
    __rt_lib_init_exceptions_1               0x08000313   Thumb Code     0  libinit2.o(.ARM.Collect$$libinit$$00000030)
    __rt_lib_init_fp_trap_1                  0x08000313   Thumb Code     0  libinit2.o(.ARM.Collect$$libinit$$0000001F)
    __rt_lib_init_getenv_1                   0x08000313   Thumb Code     0  libinit2.o(.ARM.Collect$$libinit$$00000023)
    __rt_lib_init_heap_1                     0x08000313   Thumb Code     0  libinit2.o(.ARM.Collect$$libinit$$0000000A)
    __rt_lib_init_lc_collate_1               0x08000313   Thumb Code     0  libinit2.o(.ARM.Collect$$libinit$$00000011)
    __rt_lib_init_lc_ctype_1                 0x08000313   Thumb Code     0  libinit2.o(.ARM.Collect$$libinit$$00000013)
    __rt_lib_init_lc_monetary_1              0x08000313   Thumb Code     0  libinit2.o(.ARM.Collect$$libinit$$00000015)
    __rt_lib_init_lc_numeric_1               0x08000313   Thumb Code     0  libinit2.o(.ARM.Collect$$libinit$$00000017)
    __rt_lib_init_lc_time_1                  0x08000313   Thumb Code     0  libinit2.o(.ARM.Collect$$libinit$$00000019)
    __rt_lib_init_preinit_1                  0x08000313   Thumb Code     0  libinit2.o(.ARM.Collect$$libinit$$00000004)
    __rt_lib_init_rand_1                     0x08000313   Thumb Code     0  libinit2.o(.ARM.Collect$$libinit$$0000000E)
    __rt_lib_init_return                     0x08000313   Thumb Code     0  libinit2.o(.ARM.Collect$$libinit$$00000033)
    __rt_lib_init_signal_1                   0x08000313   Thumb Code     0  libinit2.o(.ARM.Collect$$libinit$$0000001D)
    __rt_lib_init_stdio_1                    0x08000313   Thumb Code     0  libinit2.o(.ARM.Collect$$libinit$$00000025)
    __rt_lib_init_user_alloc_1               0x08000313   Thumb Code     0  libinit2.o(.ARM.Collect$$libinit$$0000000C)
    __rt_lib_shutdown                        0x08000315   Thumb Code     0  libshutdown.o(.ARM.Collect$$libshutdown$$00000000)
    __rt_lib_shutdown_cpp_1                  0x08000317   Thumb Code     0  libshutdown2.o(.ARM.Collect$$libshutdown$$00000002)
    __rt_lib_shutdown_fp_trap_1              0x08000317   Thumb Code     0  libshutdown2.o(.ARM.Collect$$libshutdown$$00000007)
    __rt_lib_shutdown_heap_1                 0x08000317   Thumb Code     0  libshutdown2.o(.ARM.Collect$$libshutdown$$0000000F)
    __rt_lib_shutdown_return                 0x08000317   Thumb Code     0  libshutdown2.o(.ARM.Collect$$libshutdown$$00000010)
    __rt_lib_shutdown_signal_1               0x08000317   Thumb Code     0  libshutdown2.o(.ARM.Collect$$libshutdown$$0000000A)
    __rt_lib_shutdown_stdio_1                0x08000317   Thumb Code     0  libshutdown2.o(.ARM.Collect$$libshutdown$$00000004)
    __rt_lib_shutdown_user_alloc_1           0x08000317   Thumb Code     0  libshutdown2.o(.ARM.Collect$$libshutdown$$0000000C)
    __rt_entry                               0x08000319   Thumb Code     0  __rtentry.o(.ARM.Collect$$rtentry$$00000000)
    __rt_entry_presh_1                       0x08000319   Thumb Code     0  __rtentry2.o(.ARM.Collect$$rtentry$$00000002)
    __rt_entry_sh                            0x08000319   Thumb Code     0  __rtentry4.o(.ARM.Collect$$rtentry$$00000004)
    __rt_entry_li                            0x0800031f   Thumb Code     0  __rtentry2.o(.ARM.Collect$$rtentry$$0000000A)
    __rt_entry_postsh_1                      0x0800031f   Thumb Code     0  __rtentry2.o(.ARM.Collect$$rtentry$$00000009)
    __rt_entry_main                          0x08000323   Thumb Code     0  __rtentry2.o(.ARM.Collect$$rtentry$$0000000D)
    __rt_entry_postli_1                      0x08000323   Thumb Code     0  __rtentry2.o(.ARM.Collect$$rtentry$$0000000C)
    __rt_exit                                0x0800032b   Thumb Code     0  rtexit.o(.ARM.Collect$$rtexit$$00000000)
    __rt_exit_ls                             0x0800032d   Thumb Code     0  rtexit2.o(.ARM.Collect$$rtexit$$00000003)
    __rt_exit_prels_1                        0x0800032d   Thumb Code     0  rtexit2.o(.ARM.Collect$$rtexit$$00000002)
    __rt_exit_exit                           0x08000331   Thumb Code     0  rtexit2.o(.ARM.Collect$$rtexit$$00000004)
    Reset_Handler                            0x08000339   Thumb Code     8  startup_stm32f411xe.o(.text)
    ADC_IRQHandler                           0x08000353   Thumb Code     0  startup_stm32f411xe.o(.text)
    DMA1_Stream0_IRQHandler                  0x08000353   Thumb Code     0  startup_stm32f411xe.o(.text)
    DMA1_Stream1_IRQHandler                  0x08000353   Thumb Code     0  startup_stm32f411xe.o(.text)
    DMA1_Stream2_IRQHandler                  0x08000353   Thumb Code     0  startup_stm32f411xe.o(.text)
    DMA1_Stream3_IRQHandler                  0x08000353   Thumb Code     0  startup_stm32f411xe.o(.text)
    DMA1_Stream4_IRQHandler                  0x08000353   Thumb Code     0  startup_stm32f411xe.o(.text)
    DMA1_Stream5_IRQHandler                  0x08000353   Thumb Code     0  startup_stm32f411xe.o(.text)
    DMA1_Stream6_IRQHandler                  0x08000353   Thumb Code     0  startup_stm32f411xe.o(.text)
    DMA1_Stream7_IRQHandler                  0x08000353   Thumb Code     0  startup_stm32f411xe.o(.text)
    DMA2_Stream1_IRQHandler                  0x08000353   Thumb Code     0  startup_stm32f411xe.o(.text)
    DMA2_Stream4_IRQHandler                  0x08000353   Thumb Code     0  startup_stm32f411xe.o(.text)
    DMA2_Stream5_IRQHandler                  0x08000353   Thumb Code     0  startup_stm32f411xe.o(.text)
    DMA2_Stream6_IRQHandler                  0x08000353   Thumb Code     0  startup_stm32f411xe.o(.text)
    EXTI0_IRQHandler                         0x08000353   Thumb Code     0  startup_stm32f411xe.o(.text)
    EXTI15_10_IRQHandler                     0x08000353   Thumb Code     0  startup_stm32f411xe.o(.text)
    EXTI1_IRQHandler                         0x08000353   Thumb Code     0  startup_stm32f411xe.o(.text)
    EXTI2_IRQHandler                         0x08000353   Thumb Code     0  startup_stm32f411xe.o(.text)
    EXTI3_IRQHandler                         0x08000353   Thumb Code     0  startup_stm32f411xe.o(.text)
    EXTI4_IRQHandler                         0x08000353   Thumb Code     0  startup_stm32f411xe.o(.text)
    EXTI9_5_IRQHandler                       0x08000353   Thumb Code     0  startup_stm32f411xe.o(.text)
    FLASH_IRQHandler                         0x08000353   Thumb Code     0  startup_stm32f411xe.o(.text)
    FPU_IRQHandler                           0x08000353   Thumb Code     0  startup_stm32f411xe.o(.text)
    I2C1_ER_IRQHandler                       0x08000353   Thumb Code     0  startup_stm32f411xe.o(.text)
    I2C1_EV_IRQHandler                       0x08000353   Thumb Code     0  startup_stm32f411xe.o(.text)
    I2C2_ER_IRQHandler                       0x08000353   Thumb Code     0  startup_stm32f411xe.o(.text)
    I2C2_EV_IRQHandler                       0x08000353   Thumb Code     0  startup_stm32f411xe.o(.text)
    I2C3_ER_IRQHandler                       0x08000353   Thumb Code     0  startup_stm32f411xe.o(.text)
    I2C3_EV_IRQHandler                       0x08000353   Thumb Code     0  startup_stm32f411xe.o(.text)
    OTG_FS_WKUP_IRQHandler                   0x08000353   Thumb Code     0  startup_stm32f411xe.o(.text)
    PVD_IRQHandler                           0x08000353   Thumb Code     0  startup_stm32f411xe.o(.text)
    RCC_IRQHandler                           0x08000353   Thumb Code     0  startup_stm32f411xe.o(.text)
    RTC_Alarm_IRQHandler                     0x08000353   Thumb Code     0  startup_stm32f411xe.o(.text)
    RTC_WKUP_IRQHandler                      0x08000353   Thumb Code     0  startup_stm32f411xe.o(.text)
    SDIO_IRQHandler                          0x08000353   Thumb Code     0  startup_stm32f411xe.o(.text)
    SPI1_IRQHandler                          0x08000353   Thumb Code     0  startup_stm32f411xe.o(.text)
    SPI2_IRQHandler                          0x08000353   Thumb Code     0  startup_stm32f411xe.o(.text)
    SPI3_IRQHandler                          0x08000353   Thumb Code     0  startup_stm32f411xe.o(.text)
    SPI4_IRQHandler                          0x08000353   Thumb Code     0  startup_stm32f411xe.o(.text)
    SPI5_IRQHandler                          0x08000353   Thumb Code     0  startup_stm32f411xe.o(.text)
    TAMP_STAMP_IRQHandler                    0x08000353   Thumb Code     0  startup_stm32f411xe.o(.text)
    TIM1_BRK_TIM9_IRQHandler                 0x08000353   Thumb Code     0  startup_stm32f411xe.o(.text)
    TIM1_CC_IRQHandler                       0x08000353   Thumb Code     0  startup_stm32f411xe.o(.text)
    TIM1_TRG_COM_TIM11_IRQHandler            0x08000353   Thumb Code     0  startup_stm32f411xe.o(.text)
    TIM1_UP_TIM10_IRQHandler                 0x08000353   Thumb Code     0  startup_stm32f411xe.o(.text)
    TIM2_IRQHandler                          0x08000353   Thumb Code     0  startup_stm32f411xe.o(.text)
    TIM3_IRQHandler                          0x08000353   Thumb Code     0  startup_stm32f411xe.o(.text)
    TIM4_IRQHandler                          0x08000353   Thumb Code     0  startup_stm32f411xe.o(.text)
    TIM5_IRQHandler                          0x08000353   Thumb Code     0  startup_stm32f411xe.o(.text)
    USART1_IRQHandler                        0x08000353   Thumb Code     0  startup_stm32f411xe.o(.text)
    USART2_IRQHandler                        0x08000353   Thumb Code     0  startup_stm32f411xe.o(.text)
    USART6_IRQHandler                        0x08000353   Thumb Code     0  startup_stm32f411xe.o(.text)
    WWDG_IRQHandler                          0x08000353   Thumb Code     0  startup_stm32f411xe.o(.text)
    __user_initial_stackheap                 0x08000355   Thumb Code     0  startup_stm32f411xe.o(.text)
    arm_cmplx_mag_f32                        0x08000379   Thumb Code   296  arm_cmplx_mag_f32.o(.text)
    arm_cfft_radix8by2_f32                   0x080004a1   Thumb Code   600  arm_cfft_f32.o(.text)
    arm_cfft_radix8by4_f32                   0x080006f9   Thumb Code  1708  arm_cfft_f32.o(.text)
    arm_cfft_f32                             0x08000da5   Thumb Code   302  arm_cfft_f32.o(.text)
    arm_radix8_butterfly_f32                 0x08000ed5   Thumb Code  2164  arm_cfft_radix8_f32.o(.text)
    __aeabi_uldivmod                         0x0800174d   Thumb Code     0  lludivv7m.o(.text)
    _ll_udiv                                 0x0800174d   Thumb Code   238  lludivv7m.o(.text)
    strlen                                   0x0800183b   Thumb Code    62  strlen.o(.text)
    __aeabi_memclr4                          0x08001879   Thumb Code     0  rt_memclr_w.o(.text)
    __aeabi_memclr8                          0x08001879   Thumb Code     0  rt_memclr_w.o(.text)
    __rt_memclr_w                            0x08001879   Thumb Code    78  rt_memclr_w.o(.text)
    _memset_w                                0x0800187d   Thumb Code     0  rt_memclr_w.o(.text)
    __use_two_region_memory                  0x080018c7   Thumb Code     2  heapauxi.o(.text)
    __rt_heap_escrow$2region                 0x080018c9   Thumb Code     2  heapauxi.o(.text)
    __rt_heap_expand$2region                 0x080018cb   Thumb Code     2  heapauxi.o(.text)
    __read_errno                             0x080018cd   Thumb Code    10  _rserrno.o(.text)
    __set_errno                              0x080018d7   Thumb Code    12  _rserrno.o(.text)
    __aeabi_errno_addr                       0x080018e5   Thumb Code     8  rt_errno_addr_intlibspace.o(.text)
    __errno$intlibspace                      0x080018e5   Thumb Code     0  rt_errno_addr_intlibspace.o(.text)
    __rt_errno_addr$intlibspace              0x080018e5   Thumb Code     0  rt_errno_addr_intlibspace.o(.text)
    __user_libspace                          0x080018ed   Thumb Code     8  libspace.o(.text)
    __user_perproc_libspace                  0x080018ed   Thumb Code     0  libspace.o(.text)
    __user_perthread_libspace                0x080018ed   Thumb Code     0  libspace.o(.text)
    __user_setup_stackheap                   0x080018f5   Thumb Code    74  sys_stackheap_outer.o(.text)
    exit                                     0x0800193f   Thumb Code    18  exit.o(.text)
    _sys_exit                                0x08001951   Thumb Code     8  sys_exit.o(.text)
    __I$use$semihosting                      0x0800195d   Thumb Code     0  use_no_semi.o(.text)
    __use_no_semihosting_swi                 0x0800195d   Thumb Code     2  use_no_semi.o(.text)
    __semihosting_library_function           0x0800195f   Thumb Code     0  indicate_semi.o(.text)
    BusFault_Handler                         0x080019e3   Thumb Code     2  stm32f4xx_it.o(.text.BusFault_Handler)
    CDC_Transmit_FS                          0x08001a2d   Thumb Code    44  usbd_cdc_if.o(.text.CDC_Transmit_FS)
    DMA2_Stream0_IRQHandler                  0x08001a59   Thumb Code    12  stm32f4xx_it.o(.text.DMA2_Stream0_IRQHandler)
    DMA2_Stream2_IRQHandler                  0x08001a61   Thumb Code    12  stm32f4xx_it.o(.text.DMA2_Stream2_IRQHandler)
    DMA2_Stream3_IRQHandler                  0x08001a6d   Thumb Code    12  stm32f4xx_it.o(.text.DMA2_Stream3_IRQHandler)
    DMA2_Stream7_IRQHandler                  0x08001a79   Thumb Code    12  stm32f4xx_it.o(.text.DMA2_Stream7_IRQHandler)
    DebugMon_Handler                         0x08001abd   Thumb Code     2  stm32f4xx_it.o(.text.DebugMon_Handler)
    Error_Handler                            0x08001abf   Thumb Code     8  main.o(.text.Error_Handler)
    HAL_ADC_ConfigChannel                    0x08001ac9   Thumb Code   276  stm32f4xx_hal_adc.o(.text.HAL_ADC_ConfigChannel)
    HAL_ADC_ConvCpltCallback                 0x08001bd1   Thumb Code   100  main.o(.text.HAL_ADC_ConvCpltCallback)
    HAL_ADC_ConvHalfCpltCallback             0x08001c31   Thumb Code     2  stm32f4xx_hal_adc.o(.text.HAL_ADC_ConvHalfCpltCallback)
    HAL_ADC_ErrorCallback                    0x08001c33   Thumb Code     2  stm32f4xx_hal_adc.o(.text.HAL_ADC_ErrorCallback)
    HAL_ADC_Init                             0x08001c35   Thumb Code   328  stm32f4xx_hal_adc.o(.text.HAL_ADC_Init)
    HAL_ADC_MspInit                          0x08001d7d   Thumb Code   156  stm32f4xx_hal_msp.o(.text.HAL_ADC_MspInit)
    HAL_ADC_Start_DMA                        0x08001e15   Thumb Code   304  stm32f4xx_hal_adc.o(.text.HAL_ADC_Start_DMA)
    HAL_DMA_IRQHandler                       0x08001f45   Thumb Code   384  stm32f4xx_hal_dma.o(.text.HAL_DMA_IRQHandler)
    HAL_DMA_Init                             0x080020c5   Thumb Code   300  stm32f4xx_hal_dma.o(.text.HAL_DMA_Init)
    HAL_DMA_Start_IT                         0x080021f1   Thumb Code   160  stm32f4xx_hal_dma.o(.text.HAL_DMA_Start_IT)
    HAL_Delay                                0x08002291   Thumb Code    44  stm32f4xx_hal.o(.text.HAL_Delay)
    HAL_GPIO_Init                            0x080022b9   Thumb Code   400  stm32f4xx_hal_gpio.o(.text.HAL_GPIO_Init)
    HAL_GPIO_WritePin                        0x08002449   Thumb Code    10  stm32f4xx_hal_gpio.o(.text.HAL_GPIO_WritePin)
    HAL_GetTick                              0x08002455   Thumb Code    12  stm32f4xx_hal.o(.text.HAL_GetTick)
    HAL_IncTick                              0x0800245d   Thumb Code    16  stm32f4xx_hal.o(.text.HAL_IncTick)
    HAL_Init                                 0x08002469   Thumb Code    52  stm32f4xx_hal.o(.text.HAL_Init)
    HAL_InitTick                             0x0800249d   Thumb Code    64  stm32f4xx_hal.o(.text.HAL_InitTick)
    HAL_MspInit                              0x080024dd   Thumb Code    56  stm32f4xx_hal_msp.o(.text.HAL_MspInit)
    HAL_NVIC_EnableIRQ                       0x08002515   Thumb Code    28  stm32f4xx_hal_cortex.o(.text.HAL_NVIC_EnableIRQ)
    HAL_NVIC_SetPriority                     0x08002531   Thumb Code    92  stm32f4xx_hal_cortex.o(.text.HAL_NVIC_SetPriority)
    HAL_NVIC_SetPriorityGrouping             0x08002589   Thumb Code    32  stm32f4xx_hal_cortex.o(.text.HAL_NVIC_SetPriorityGrouping)
    HAL_PCDEx_LPM_Callback                   0x080025a9   Thumb Code     2  stm32f4xx_hal_pcd_ex.o(.text.HAL_PCDEx_LPM_Callback)
    HAL_PCDEx_SetRxFiFo                      0x080025ab   Thumb Code     8  stm32f4xx_hal_pcd_ex.o(.text.HAL_PCDEx_SetRxFiFo)
    HAL_PCDEx_SetTxFiFo                      0x080025b3   Thumb Code    80  stm32f4xx_hal_pcd_ex.o(.text.HAL_PCDEx_SetTxFiFo)
    HAL_PCD_ConnectCallback                  0x08002603   Thumb Code     8  usbd_conf.o(.text.HAL_PCD_ConnectCallback)
    HAL_PCD_DataInStageCallback              0x0800260b   Thumb Code    18  usbd_conf.o(.text.HAL_PCD_DataInStageCallback)
    HAL_PCD_DataOutStageCallback             0x0800261d   Thumb Code    20  usbd_conf.o(.text.HAL_PCD_DataOutStageCallback)
    HAL_PCD_DisconnectCallback               0x08002631   Thumb Code     8  usbd_conf.o(.text.HAL_PCD_DisconnectCallback)
    HAL_PCD_EP_Close                         0x08002639   Thumb Code    74  stm32f4xx_hal_pcd.o(.text.HAL_PCD_EP_Close)
    HAL_PCD_EP_ClrStall                      0x08002683   Thumb Code    88  stm32f4xx_hal_pcd.o(.text.HAL_PCD_EP_ClrStall)
    HAL_PCD_EP_GetRxCount                    0x080026db   Thumb Code    18  stm32f4xx_hal_pcd.o(.text.HAL_PCD_EP_GetRxCount)
    HAL_PCD_EP_Open                          0x080026ed   Thumb Code    94  stm32f4xx_hal_pcd.o(.text.HAL_PCD_EP_Open)
    HAL_PCD_EP_Receive                       0x0800274b   Thumb Code    70  stm32f4xx_hal_pcd.o(.text.HAL_PCD_EP_Receive)
    HAL_PCD_EP_SetStall                      0x08002791   Thumb Code   106  stm32f4xx_hal_pcd.o(.text.HAL_PCD_EP_SetStall)
    HAL_PCD_EP_Transmit                      0x080027fb   Thumb Code    70  stm32f4xx_hal_pcd.o(.text.HAL_PCD_EP_Transmit)
    HAL_PCD_IRQHandler                       0x08002841   Thumb Code  1522  stm32f4xx_hal_pcd.o(.text.HAL_PCD_IRQHandler)
    HAL_PCD_ISOINIncompleteCallback          0x08002e33   Thumb Code     8  usbd_conf.o(.text.HAL_PCD_ISOINIncompleteCallback)
    HAL_PCD_ISOOUTIncompleteCallback         0x08002e3b   Thumb Code     8  usbd_conf.o(.text.HAL_PCD_ISOOUTIncompleteCallback)
    HAL_PCD_Init                             0x08002e43   Thumb Code   300  stm32f4xx_hal_pcd.o(.text.HAL_PCD_Init)
    HAL_PCD_MspInit                          0x08002f71   Thumb Code   132  usbd_conf.o(.text.HAL_PCD_MspInit)
    HAL_PCD_ResetCallback                    0x08002ff5   Thumb Code    36  usbd_conf.o(.text.HAL_PCD_ResetCallback)
    HAL_PCD_ResumeCallback                   0x08003019   Thumb Code     8  usbd_conf.o(.text.HAL_PCD_ResumeCallback)
    HAL_PCD_SOFCallback                      0x08003021   Thumb Code     8  usbd_conf.o(.text.HAL_PCD_SOFCallback)
    HAL_PCD_SetAddress                       0x08003029   Thumb Code    42  stm32f4xx_hal_pcd.o(.text.HAL_PCD_SetAddress)
    HAL_PCD_SetupStageCallback               0x08003053   Thumb Code    14  usbd_conf.o(.text.HAL_PCD_SetupStageCallback)
    HAL_PCD_Start                            0x08003061   Thumb Code    64  stm32f4xx_hal_pcd.o(.text.HAL_PCD_Start)
    HAL_PCD_SuspendCallback                  0x080030a1   Thumb Code    48  usbd_conf.o(.text.HAL_PCD_SuspendCallback)
    HAL_RCC_ClockConfig                      0x080030d1   Thumb Code   304  stm32f4xx_hal_rcc.o(.text.HAL_RCC_ClockConfig)
    HAL_RCC_GetHCLKFreq                      0x080031fd   Thumb Code    12  stm32f4xx_hal_rcc.o(.text.HAL_RCC_GetHCLKFreq)
    HAL_RCC_GetPCLK1Freq                     0x08003205   Thumb Code    32  stm32f4xx_hal_rcc.o(.text.HAL_RCC_GetPCLK1Freq)
    HAL_RCC_GetPCLK2Freq                     0x08003219   Thumb Code    32  stm32f4xx_hal_rcc.o(.text.HAL_RCC_GetPCLK2Freq)
    HAL_RCC_GetSysClockFreq                  0x08003239   Thumb Code    96  stm32f4xx_hal_rcc.o(.text.HAL_RCC_GetSysClockFreq)
    HAL_RCC_OscConfig                        0x08003295   Thumb Code   884  stm32f4xx_hal_rcc.o(.text.HAL_RCC_OscConfig)
    HAL_SPI_Init                             0x08003609   Thumb Code   196  stm32f4xx_hal_spi.o(.text.HAL_SPI_Init)
    HAL_SPI_MspInit                          0x080036cd   Thumb Code   160  stm32f4xx_hal_msp.o(.text.HAL_SPI_MspInit)
    HAL_SYSTICK_Config                       0x0800376d   Thumb Code    40  stm32f4xx_hal_cortex.o(.text.HAL_SYSTICK_Config)
    HAL_TIMEx_MasterConfigSynchronization    0x08003795   Thumb Code   132  stm32f4xx_hal_tim_ex.o(.text.HAL_TIMEx_MasterConfigSynchronization)
    HAL_TIM_Base_Init                        0x08003805   Thumb Code    88  stm32f4xx_hal_tim.o(.text.HAL_TIM_Base_Init)
    HAL_TIM_Base_MspInit                     0x0800385d   Thumb Code   112  stm32f4xx_hal_msp.o(.text.HAL_TIM_Base_MspInit)
    HAL_TIM_Base_Start_IT                    0x080038c5   Thumb Code   108  stm32f4xx_hal_tim.o(.text.HAL_TIM_Base_Start_IT)
    HAL_TIM_ConfigClockSource                0x0800392d   Thumb Code   248  stm32f4xx_hal_tim.o(.text.HAL_TIM_ConfigClockSource)
    HAL_TIM_MspPostInit                      0x08003a25   Thumb Code   188  stm32f4xx_hal_msp.o(.text.HAL_TIM_MspPostInit)
    HAL_TIM_PWM_ConfigChannel                0x08003add   Thumb Code   154  stm32f4xx_hal_tim.o(.text.HAL_TIM_PWM_ConfigChannel)
    HAL_TIM_PWM_Init                         0x08003b77   Thumb Code    88  stm32f4xx_hal_tim.o(.text.HAL_TIM_PWM_Init)
    HAL_TIM_PWM_MspInit                      0x08003bcf   Thumb Code     2  stm32f4xx_hal_tim.o(.text.HAL_TIM_PWM_MspInit)
    HAL_UART_Init                            0x08003bd1   Thumb Code    92  stm32f4xx_hal_uart.o(.text.HAL_UART_Init)
    HAL_UART_MspInit                         0x08003c2d   Thumb Code   220  stm32f4xx_hal_msp.o(.text.HAL_UART_MspInit)
    HardFault_Handler                        0x08003d09   Thumb Code     2  stm32f4xx_it.o(.text.HardFault_Handler)
    MX_USB_DEVICE_Init                       0x08003d3d   Thumb Code    80  usb_device.o(.text.MX_USB_DEVICE_Init)
    MemManage_Handler                        0x08003d8d   Thumb Code     2  stm32f4xx_it.o(.text.MemManage_Handler)
    NMI_Handler                              0x08003d8f   Thumb Code     2  stm32f4xx_it.o(.text.NMI_Handler)
    OTG_FS_IRQHandler                        0x08003d91   Thumb Code    12  stm32f4xx_it.o(.text.OTG_FS_IRQHandler)
    PendSV_Handler                           0x08003d9d   Thumb Code     2  stm32f4xx_it.o(.text.PendSV_Handler)
    SVC_Handler                              0x08003d9f   Thumb Code     2  stm32f4xx_it.o(.text.SVC_Handler)
    SysTick_Handler                          0x08003da1   Thumb Code     4  stm32f4xx_it.o(.text.SysTick_Handler)
    SystemClock_Config                       0x08003da5   Thumb Code   168  main.o(.text.SystemClock_Config)
    SystemInit                               0x08003e4d   Thumb Code    16  system_stm32f4xx.o(.text.SystemInit)
    TIM_Base_SetConfig                       0x08003e5d   Thumb Code   164  stm32f4xx_hal_tim.o(.text.TIM_Base_SetConfig)
    TIM_OC2_SetConfig                        0x08003f55   Thumb Code   100  stm32f4xx_hal_tim.o(.text.TIM_OC2_SetConfig)
    USBD_CDC_GetDeviceQualifierDescriptor    0x08004279   Thumb Code    12  usbd_cdc.o(.text.USBD_CDC_GetDeviceQualifierDescriptor)
    USBD_CDC_ReceivePacket                   0x0800434d   Thumb Code    42  usbd_cdc.o(.text.USBD_CDC_ReceivePacket)
    USBD_CDC_RegisterInterface               0x08004377   Thumb Code    16  usbd_cdc.o(.text.USBD_CDC_RegisterInterface)
    USBD_CDC_SetRxBuffer                     0x08004387   Thumb Code    20  usbd_cdc.o(.text.USBD_CDC_SetRxBuffer)
    USBD_CDC_SetTxBuffer                     0x0800439b   Thumb Code    24  usbd_cdc.o(.text.USBD_CDC_SetTxBuffer)
    USBD_CDC_TransmitPacket                  0x0800446b   Thumb Code    50  usbd_cdc.o(.text.USBD_CDC_TransmitPacket)
    USBD_ClrClassConfig                      0x0800449d   Thumb Code    20  usbd_core.o(.text.USBD_ClrClassConfig)
    USBD_CtlContinueRx                       0x080044b1   Thumb Code    16  usbd_ioreq.o(.text.USBD_CtlContinueRx)
    USBD_CtlContinueSendData                 0x080044c1   Thumb Code    16  usbd_ioreq.o(.text.USBD_CtlContinueSendData)
    USBD_CtlError                            0x080044d1   Thumb Code    22  usbd_ctlreq.o(.text.USBD_CtlError)
    USBD_CtlPrepareRx                        0x080044e7   Thumb Code    26  usbd_ioreq.o(.text.USBD_CtlPrepareRx)
    USBD_CtlReceiveStatus                    0x08004501   Thumb Code    22  usbd_ioreq.o(.text.USBD_CtlReceiveStatus)
    USBD_CtlSendData                         0x08004517   Thumb Code    26  usbd_ioreq.o(.text.USBD_CtlSendData)
    USBD_CtlSendStatus                       0x08004531   Thumb Code    22  usbd_ioreq.o(.text.USBD_CtlSendStatus)
    USBD_FS_ConfigStrDescriptor              0x08004549   Thumb Code    36  usbd_desc.o(.text.USBD_FS_ConfigStrDescriptor)
    USBD_FS_DeviceDescriptor                 0x0800456d   Thumb Code    12  usbd_desc.o(.text.USBD_FS_DeviceDescriptor)
    USBD_FS_InterfaceStrDescriptor           0x08004579   Thumb Code    40  usbd_desc.o(.text.USBD_FS_InterfaceStrDescriptor)
    USBD_FS_LangIDStrDescriptor              0x080045a1   Thumb Code    12  usbd_desc.o(.text.USBD_FS_LangIDStrDescriptor)
    USBD_FS_ManufacturerStrDescriptor        0x080045ad   Thumb Code    44  usbd_desc.o(.text.USBD_FS_ManufacturerStrDescriptor)
    USBD_FS_ProductStrDescriptor             0x080045d9   Thumb Code    48  usbd_desc.o(.text.USBD_FS_ProductStrDescriptor)
    USBD_FS_SerialStrDescriptor              0x08004609   Thumb Code    56  usbd_desc.o(.text.USBD_FS_SerialStrDescriptor)
    USBD_GetString                           0x08004641   Thumb Code    88  usbd_ctlreq.o(.text.USBD_GetString)
    USBD_Init                                0x08004699   Thumb Code    40  usbd_core.o(.text.USBD_Init)
    USBD_LL_ClearStallEP                     0x080046c1   Thumb Code    36  usbd_conf.o(.text.USBD_LL_ClearStallEP)
    USBD_LL_CloseEP                          0x080046e1   Thumb Code    36  usbd_conf.o(.text.USBD_LL_CloseEP)
    USBD_LL_DataInStage                      0x08004701   Thumb Code   166  usbd_core.o(.text.USBD_LL_DataInStage)
    USBD_LL_DataOutStage                     0x080047a7   Thumb Code   112  usbd_core.o(.text.USBD_LL_DataOutStage)
    USBD_LL_DevConnected                     0x08004817   Thumb Code     4  usbd_core.o(.text.USBD_LL_DevConnected)
    USBD_LL_DevDisconnected                  0x0800481b   Thumb Code    28  usbd_core.o(.text.USBD_LL_DevDisconnected)
    USBD_LL_GetRxDataSize                    0x08004837   Thumb Code     8  usbd_conf.o(.text.USBD_LL_GetRxDataSize)
    USBD_LL_Init                             0x08004841   Thumb Code   100  usbd_conf.o(.text.USBD_LL_Init)
    USBD_LL_IsStallEP                        0x080048a5   Thumb Code    34  usbd_conf.o(.text.USBD_LL_IsStallEP)
    USBD_LL_IsoINIncomplete                  0x080048c7   Thumb Code    40  usbd_core.o(.text.USBD_LL_IsoINIncomplete)
    USBD_LL_IsoOUTIncomplete                 0x080048ef   Thumb Code    40  usbd_core.o(.text.USBD_LL_IsoOUTIncomplete)
    USBD_LL_OpenEP                           0x08004919   Thumb Code    40  usbd_conf.o(.text.USBD_LL_OpenEP)
    USBD_LL_PrepareReceive                   0x0800493d   Thumb Code    36  usbd_conf.o(.text.USBD_LL_PrepareReceive)
    USBD_LL_Reset                            0x0800495d   Thumb Code    96  usbd_core.o(.text.USBD_LL_Reset)
    USBD_LL_Resume                           0x080049bd   Thumb Code    20  usbd_core.o(.text.USBD_LL_Resume)
    USBD_LL_SOF                              0x080049d1   Thumb Code    40  usbd_core.o(.text.USBD_LL_SOF)
    USBD_LL_SetSpeed                         0x080049f9   Thumb Code     6  usbd_core.o(.text.USBD_LL_SetSpeed)
    USBD_LL_SetUSBAddress                    0x08004a01   Thumb Code    36  usbd_conf.o(.text.USBD_LL_SetUSBAddress)
    USBD_LL_SetupStage                       0x08004a21   Thumb Code    96  usbd_core.o(.text.USBD_LL_SetupStage)
    USBD_LL_StallEP                          0x08004a81   Thumb Code    36  usbd_conf.o(.text.USBD_LL_StallEP)
    USBD_LL_Start                            0x08004aa5   Thumb Code    36  usbd_conf.o(.text.USBD_LL_Start)
    USBD_LL_Suspend                          0x08004ac9   Thumb Code    18  usbd_core.o(.text.USBD_LL_Suspend)
    USBD_LL_Transmit                         0x08004add   Thumb Code    36  usbd_conf.o(.text.USBD_LL_Transmit)
    USBD_ParseSetupRequest                   0x08004b01   Thumb Code    40  usbd_ctlreq.o(.text.USBD_ParseSetupRequest)
    USBD_RegisterClass                       0x08004b29   Thumb Code    44  usbd_core.o(.text.USBD_RegisterClass)
    USBD_SetClassConfig                      0x08004b55   Thumb Code    14  usbd_core.o(.text.USBD_SetClassConfig)
    USBD_Start                               0x08004b63   Thumb Code     4  usbd_core.o(.text.USBD_Start)
    USBD_StdDevReq                           0x08004b69   Thumb Code   708  usbd_ctlreq.o(.text.USBD_StdDevReq)
    USBD_StdEPReq                            0x08004e2d   Thumb Code   306  usbd_ctlreq.o(.text.USBD_StdEPReq)
    USBD_StdItfReq                           0x08004f5f   Thumb Code    78  usbd_ctlreq.o(.text.USBD_StdItfReq)
    USBD_static_free                         0x08004fad   Thumb Code     2  usbd_conf.o(.text.USBD_static_free)
    USBD_static_malloc                       0x08004fb1   Thumb Code     8  usbd_conf.o(.text.USBD_static_malloc)
    USB_ActivateEndpoint                     0x08004fb9   Thumb Code   124  stm32f4xx_ll_usb.o(.text.USB_ActivateEndpoint)
    USB_ActivateSetup                        0x08005035   Thumb Code    30  stm32f4xx_ll_usb.o(.text.USB_ActivateSetup)
    USB_CoreInit                             0x08005055   Thumb Code   120  stm32f4xx_ll_usb.o(.text.USB_CoreInit)
    USB_DeactivateEndpoint                   0x08005115   Thumb Code   132  stm32f4xx_ll_usb.o(.text.USB_DeactivateEndpoint)
    USB_DevConnect                           0x08005199   Thumb Code    28  stm32f4xx_ll_usb.o(.text.USB_DevConnect)
    USB_DevDisconnect                        0x080051b5   Thumb Code    28  stm32f4xx_ll_usb.o(.text.USB_DevDisconnect)
    USB_DevInit                              0x080051d1   Thumb Code   364  stm32f4xx_ll_usb.o(.text.USB_DevInit)
    USB_DisableGlobalInt                     0x0800533d   Thumb Code    12  stm32f4xx_ll_usb.o(.text.USB_DisableGlobalInt)
    USB_EP0StartXfer                         0x08005349   Thumb Code   236  stm32f4xx_ll_usb.o(.text.USB_EP0StartXfer)
    USB_EP0_OutStart                         0x0800542d   Thumb Code    88  stm32f4xx_ll_usb.o(.text.USB_EP0_OutStart)
    USB_EPClearStall                         0x08005485   Thumb Code    50  stm32f4xx_ll_usb.o(.text.USB_EPClearStall)
    USB_EPSetStall                           0x080054b7   Thumb Code    56  stm32f4xx_ll_usb.o(.text.USB_EPSetStall)
    USB_EPStartXfer                          0x080054f1   Thumb Code   376  stm32f4xx_ll_usb.o(.text.USB_EPStartXfer)
    USB_EnableGlobalInt                      0x08005669   Thumb Code    12  stm32f4xx_ll_usb.o(.text.USB_EnableGlobalInt)
    USB_FlushRxFifo                          0x08005675   Thumb Code    48  stm32f4xx_ll_usb.o(.text.USB_FlushRxFifo)
    USB_FlushTxFifo                          0x080056a1   Thumb Code    52  stm32f4xx_ll_usb.o(.text.USB_FlushTxFifo)
    USB_GetDevSpeed                          0x080056d5   Thumb Code    30  stm32f4xx_ll_usb.o(.text.USB_GetDevSpeed)
    USB_GetMode                              0x080056f3   Thumb Code     8  stm32f4xx_ll_usb.o(.text.USB_GetMode)
    USB_ReadDevAllInEpInterrupt              0x080056fb   Thumb Code    14  stm32f4xx_ll_usb.o(.text.USB_ReadDevAllInEpInterrupt)
    USB_ReadDevAllOutEpInterrupt             0x08005709   Thumb Code    14  stm32f4xx_ll_usb.o(.text.USB_ReadDevAllOutEpInterrupt)
    USB_ReadDevInEPInterrupt                 0x08005717   Thumb Code    36  stm32f4xx_ll_usb.o(.text.USB_ReadDevInEPInterrupt)
    USB_ReadDevOutEPInterrupt                0x0800573b   Thumb Code    16  stm32f4xx_ll_usb.o(.text.USB_ReadDevOutEPInterrupt)
    USB_ReadInterrupts                       0x0800574b   Thumb Code     8  stm32f4xx_ll_usb.o(.text.USB_ReadInterrupts)
    USB_ReadPacket                           0x08005753   Thumb Code    88  stm32f4xx_ll_usb.o(.text.USB_ReadPacket)
    USB_SetCurrentMode                       0x080057ab   Thumb Code    98  stm32f4xx_ll_usb.o(.text.USB_SetCurrentMode)
    USB_SetDevAddress                        0x0800580d   Thumb Code    34  stm32f4xx_ll_usb.o(.text.USB_SetDevAddress)
    USB_SetTurnaroundTime                    0x08005831   Thumb Code   240  stm32f4xx_ll_usb.o(.text.USB_SetTurnaroundTime)
    USB_WritePacket                          0x08005921   Thumb Code    42  stm32f4xx_ll_usb.o(.text.USB_WritePacket)
    UsageFault_Handler                       0x0800594b   Thumb Code     2  stm32f4xx_it.o(.text.UsageFault_Handler)
    blockSendUSB                             0x0800594d   Thumb Code    20  main.o(.text.blockSendUSB)
    main                                     0x08005961   Thumb Code  1404  main.o(.text.main)
    printUSB                                 0x08005edd   Thumb Code    28  main.o(.text.printUSB)
    sqrtf                                    0x08005ef9   Thumb Code    62  sqrtf.o(i.sqrtf)
    __aeabi_fadd                             0x08005f37   Thumb Code     0  faddsub_clz.o(x$fpl$fadd)
    _fadd                                    0x08005f37   Thumb Code    18  faddsub_clz.o(x$fpl$fadd)
    __aeabi_fdiv                             0x08005f49   Thumb Code     0  fdiv.o(x$fpl$fdiv)
    _fdiv                                    0x08005f49   Thumb Code    18  fdiv.o(x$fpl$fdiv)
    __aeabi_ui2f                             0x08005f5b   Thumb Code     0  fflt_clz.o(x$fpl$ffltu)
    _ffltu                                   0x08005f5b   Thumb Code    14  fflt_clz.o(x$fpl$ffltu)
    __aeabi_fmul                             0x08005f69   Thumb Code     0  fmul.o(x$fpl$fmul)
    _fmul                                    0x08005f69   Thumb Code    18  fmul.o(x$fpl$fmul)
    _fp_init                                 0x08005f7b   Thumb Code    10  fpinit.o(x$fpl$fpinit)
    __fplib_config_fpu_vfp                   0x08005f83   Thumb Code     0  fpinit.o(x$fpl$fpinit)
    __fplib_config_pureend_doubles           0x08005f83   Thumb Code     0  fpinit.o(x$fpl$fpinit)
    __aeabi_fsub                             0x08005f85   Thumb Code     0  faddsub_clz.o(x$fpl$fsub)
    _fsub                                    0x08005f85   Thumb Code    18  faddsub_clz.o(x$fpl$fsub)
    __I$use$fp                               0x08005f96   Number         0  usenofp.o(x$fpl$usenofp)
    arm_cfft_sR_f32_len1024                  0x08005f98   Data          16  arm_const_structs.o(.constdata)
    twiddleCoef_1024                         0x08005fa8   Data        8192  arm_common_tables.o(.constdata)
    armBitRevIndexTable1024                  0x08007fa8   Data        3600  arm_common_tables.o(.constdata)
    AHBPrescTable                            0x08008db8   Data          16  system_stm32f4xx.o(.rodata.AHBPrescTable)
    APBPrescTable                            0x08008dc8   Data           8  system_stm32f4xx.o(.rodata.APBPrescTable)
    strOK                                    0x08008dd0   Data           5  main.o(.rodata.strOK)
    Region$$Table$$Base                      0x08008dd8   Number         0  anon$$obj.o(Region$$Table)
    Region$$Table$$Limit                     0x08008df8   Number         0  anon$$obj.o(Region$$Table)
    midtau                                   0x20000000   Data           4  main.o(.data..L_MergedGlobals)
    maxValue                                 0x20000004   Data           4  main.o(.data..L_MergedGlobals)
    maxtau                                   0x20000008   Data           4  main.o(.data..L_MergedGlobals)
    dataReady                                0x2000000c   Data           4  main.o(.data..L_MergedGlobals)
    usb_vcp_rx                               0x20000010   Data          24  main.o(.data..L_MergedGlobals)
    huart1                                   0x20000028   Data          68  main.o(.data..L_MergedGlobals)
    uwTickFreq                               0x2000006c   Data           1  stm32f4xx_hal.o(.data..L_MergedGlobals)
    uwTickPrio                               0x20000070   Data           4  stm32f4xx_hal.o(.data..L_MergedGlobals)
    uwTick                                   0x20000074   Data           4  stm32f4xx_hal.o(.data..L_MergedGlobals)
    FS_Desc                                  0x20000078   Data          28  usbd_desc.o(.data.FS_Desc)
    SystemCoreClock                          0x20000094   Data           4  system_stm32f4xx.o(.data.SystemCoreClock)
    USBD_CDC                                 0x20000098   Data          56  usbd_cdc.o(.data.USBD_CDC)
    USBD_FS_DeviceDesc                       0x200001a8   Data          18  usbd_desc.o(.data.USBD_FS_DeviceDesc)
    USBD_Interface_fops_FS                   0x200001bc   Data          20  usbd_cdc_if.o(.data.USBD_Interface_fops_FS)
    USBD_LangIDDesc                          0x200001d0   Data           4  usbd_desc.o(.data.USBD_LangIDDesc)
    USBD_StringSerial                        0x200001d4   Data          26  usbd_desc.o(.data.USBD_StringSerial)
    __libspace_start                         0x200001f0   Data          96  libspace.o(.bss)
    __temporary_stack_top$libspace           0x20000250   Data           0  libspace.o(.bss)
    hadc1                                    0x20000250   Data          72  main.o(.bss..L_MergedGlobals.1)
    htim2                                    0x200002a0   Data          72  main.o(.bss..L_MergedGlobals.2)
    htim4                                    0x200002f0   Data          72  main.o(.bss..L_MergedGlobals.3)
    htim3                                    0x20000340   Data          72  main.o(.bss..L_MergedGlobals.4)
    hspi1                                    0x20000390   Data          88  main.o(.bss..L_MergedGlobals.5)
    ADC_BUFF                                 0x200003e8   Data        2048  main.o(.bss.ADC_BUFF)
    FFTInput                                 0x20000be8   Data        8192  main.o(.bss.FFTInput)
    USBD_StrDesc                             0x20003bec   Data         512  usbd_desc.o(.bss.USBD_StrDesc)
    UserRxBufferFS                           0x2000400c   Data        1024  usbd_cdc_if.o(.bss.UserRxBufferFS)
    UserTxBufferFS                           0x2000440c   Data        1024  usbd_cdc_if.o(.bss.UserTxBufferFS)
    buff                                     0x2000480c   Data        1028  main.o(.bss.buff)
    hUsbDeviceFS                             0x20004c10   Data         720  usb_device.o(.bss.hUsbDeviceFS)
    hdma_adc1                                0x20004ee0   Data          96  main.o(.bss.hdma_adc1)
    hdma_spi1_tx                             0x20004f40   Data          96  main.o(.bss.hdma_spi1_tx)
    hdma_usart1_rx                           0x20004fa0   Data          96  main.o(.bss.hdma_usart1_rx)
    hdma_usart1_tx                           0x20005000   Data          96  main.o(.bss.hdma_usart1_tx)
    hpcd_USB_OTG_FS                          0x20005060   Data        1032  usbd_conf.o(.bss.hpcd_USB_OTG_FS)
    midlvl                                   0x20005468   Data        2048  main.o(.bss.midlvl)



==============================================================================

Memory Map of the image

  Image Entry point : 0x08000199

  Load Region LR_IROM1 (Base: 0x08000000, Size: 0x00008ff0, Max: 0x00080000, ABSOLUTE, COMPRESSED[0x00008ed0])

    Execution Region ER_IROM1 (Exec base: 0x08000000, Load base: 0x08000000, Size: 0x00008df8, Max: 0x00080000, ABSOLUTE)

    Exec Addr    Load Addr    Size         Type   Attr      Idx    E Section Name        Object

    0x08000000   0x08000000   0x00000198   Data   RO            3    RESET               startup_stm32f411xe.o
    0x08000198   0x08000198   0x00000008   Code   RO         2138  * !!!main             c_w.l(__main.o)
    0x080001a0   0x080001a0   0x00000034   Code   RO         2435    !!!scatter          c_w.l(__scatter.o)
    0x080001d4   0x080001d4   0x0000005a   Code   RO         2433    !!dczerorl2         c_w.l(__dczerorl2.o)
    0x0800022e   0x0800022e   0x00000002   PAD
    0x08000230   0x08000230   0x0000001c   Code   RO         2437    !!handler_zi        c_w.l(__scatter_zi.o)
    0x0800024c   0x0800024c   0x000000c0   Code   RO         2042    . text              arm_cortexM4l_math.lib(arm_bitreversal2.o)
    0x0800030c   0x0800030c   0x00000002   Code   RO         2300    .ARM.Collect$$libinit$$00000000  c_w.l(libinit.o)
    0x0800030e   0x0800030e   0x00000004   Code   RO         2309    .ARM.Collect$$libinit$$00000001  c_w.l(libinit2.o)
    0x08000312   0x08000312   0x00000000   Code   RO         2312    .ARM.Collect$$libinit$$00000004  c_w.l(libinit2.o)
    0x08000312   0x08000312   0x00000000   Code   RO         2315    .ARM.Collect$$libinit$$0000000A  c_w.l(libinit2.o)
    0x08000312   0x08000312   0x00000000   Code   RO         2317    .ARM.Collect$$libinit$$0000000C  c_w.l(libinit2.o)
    0x08000312   0x08000312   0x00000000   Code   RO         2319    .ARM.Collect$$libinit$$0000000E  c_w.l(libinit2.o)
    0x08000312   0x08000312   0x00000000   Code   RO         2322    .ARM.Collect$$libinit$$00000011  c_w.l(libinit2.o)
    0x08000312   0x08000312   0x00000000   Code   RO         2324    .ARM.Collect$$libinit$$00000013  c_w.l(libinit2.o)
    0x08000312   0x08000312   0x00000000   Code   RO         2326    .ARM.Collect$$libinit$$00000015  c_w.l(libinit2.o)
    0x08000312   0x08000312   0x00000000   Code   RO         2328    .ARM.Collect$$libinit$$00000017  c_w.l(libinit2.o)
    0x08000312   0x08000312   0x00000000   Code   RO         2330    .ARM.Collect$$libinit$$00000019  c_w.l(libinit2.o)
    0x08000312   0x08000312   0x00000000   Code   RO         2332    .ARM.Collect$$libinit$$0000001B  c_w.l(libinit2.o)
    0x08000312   0x08000312   0x00000000   Code   RO         2334    .ARM.Collect$$libinit$$0000001D  c_w.l(libinit2.o)
    0x08000312   0x08000312   0x00000000   Code   RO         2336    .ARM.Collect$$libinit$$0000001F  c_w.l(libinit2.o)
    0x08000312   0x08000312   0x00000000   Code   RO         2338    .ARM.Collect$$libinit$$00000021  c_w.l(libinit2.o)
    0x08000312   0x08000312   0x00000000   Code   RO         2340    .ARM.Collect$$libinit$$00000023  c_w.l(libinit2.o)
    0x08000312   0x08000312   0x00000000   Code   RO         2342    .ARM.Collect$$libinit$$00000025  c_w.l(libinit2.o)
    0x08000312   0x08000312   0x00000000   Code   RO         2346    .ARM.Collect$$libinit$$0000002C  c_w.l(libinit2.o)
    0x08000312   0x08000312   0x00000000   Code   RO         2348    .ARM.Collect$$libinit$$0000002E  c_w.l(libinit2.o)
    0x08000312   0x08000312   0x00000000   Code   RO         2350    .ARM.Collect$$libinit$$00000030  c_w.l(libinit2.o)
    0x08000312   0x08000312   0x00000000   Code   RO         2352    .ARM.Collect$$libinit$$00000032  c_w.l(libinit2.o)
    0x08000312   0x08000312   0x00000002   Code   RO         2353    .ARM.Collect$$libinit$$00000033  c_w.l(libinit2.o)
    0x08000314   0x08000314   0x00000002   Code   RO         2388    .ARM.Collect$$libshutdown$$00000000  c_w.l(libshutdown.o)
    0x08000316   0x08000316   0x00000000   Code   RO         2416    .ARM.Collect$$libshutdown$$00000002  c_w.l(libshutdown2.o)
    0x08000316   0x08000316   0x00000000   Code   RO         2418    .ARM.Collect$$libshutdown$$00000004  c_w.l(libshutdown2.o)
    0x08000316   0x08000316   0x00000000   Code   RO         2421    .ARM.Collect$$libshutdown$$00000007  c_w.l(libshutdown2.o)
    0x08000316   0x08000316   0x00000000   Code   RO         2424    .ARM.Collect$$libshutdown$$0000000A  c_w.l(libshutdown2.o)
    0x08000316   0x08000316   0x00000000   Code   RO         2426    .ARM.Collect$$libshutdown$$0000000C  c_w.l(libshutdown2.o)
    0x08000316   0x08000316   0x00000000   Code   RO         2429    .ARM.Collect$$libshutdown$$0000000F  c_w.l(libshutdown2.o)
    0x08000316   0x08000316   0x00000002   Code   RO         2430    .ARM.Collect$$libshutdown$$00000010  c_w.l(libshutdown2.o)
    0x08000318   0x08000318   0x00000000   Code   RO         2186    .ARM.Collect$$rtentry$$00000000  c_w.l(__rtentry.o)
    0x08000318   0x08000318   0x00000000   Code   RO         2233    .ARM.Collect$$rtentry$$00000002  c_w.l(__rtentry2.o)
    0x08000318   0x08000318   0x00000006   Code   RO         2245    .ARM.Collect$$rtentry$$00000004  c_w.l(__rtentry4.o)
    0x0800031e   0x0800031e   0x00000000   Code   RO         2235    .ARM.Collect$$rtentry$$00000009  c_w.l(__rtentry2.o)
    0x0800031e   0x0800031e   0x00000004   Code   RO         2236    .ARM.Collect$$rtentry$$0000000A  c_w.l(__rtentry2.o)
    0x08000322   0x08000322   0x00000000   Code   RO         2238    .ARM.Collect$$rtentry$$0000000C  c_w.l(__rtentry2.o)
    0x08000322   0x08000322   0x00000008   Code   RO         2239    .ARM.Collect$$rtentry$$0000000D  c_w.l(__rtentry2.o)
    0x0800032a   0x0800032a   0x00000002   Code   RO         2301    .ARM.Collect$$rtexit$$00000000  c_w.l(rtexit.o)
    0x0800032c   0x0800032c   0x00000000   Code   RO         2359    .ARM.Collect$$rtexit$$00000002  c_w.l(rtexit2.o)
    0x0800032c   0x0800032c   0x00000004   Code   RO         2360    .ARM.Collect$$rtexit$$00000003  c_w.l(rtexit2.o)
    0x08000330   0x08000330   0x00000006   Code   RO         2361    .ARM.Collect$$rtexit$$00000004  c_w.l(rtexit2.o)
    0x08000336   0x08000336   0x00000002   PAD
    0x08000338   0x08000338   0x00000040   Code   RO            4    .text               startup_stm32f411xe.o
    0x08000378   0x08000378   0x00000128   Code   RO         1808    .text               arm_cortexM4l_math.lib(arm_cmplx_mag_f32.o)
    0x080004a0   0x080004a0   0x00000a32   Code   RO         1855    .text               arm_cortexM4l_math.lib(arm_cfft_f32.o)
    0x08000ed2   0x08000ed2   0x00000002   PAD
    0x08000ed4   0x08000ed4   0x00000878   Code   RO         2021    .text               arm_cortexM4l_math.lib(arm_cfft_radix8_f32.o)
    0x0800174c   0x0800174c   0x000000ee   Code   RO         2130    .text               c_w.l(lludivv7m.o)
    0x0800183a   0x0800183a   0x0000003e   Code   RO         2132    .text               c_w.l(strlen.o)
    0x08001878   0x08001878   0x0000004e   Code   RO         2134    .text               c_w.l(rt_memclr_w.o)
    0x080018c6   0x080018c6   0x00000006   Code   RO         2136    .text               c_w.l(heapauxi.o)
    0x080018cc   0x080018cc   0x00000016   Code   RO         2191    .text               c_w.l(_rserrno.o)
    0x080018e2   0x080018e2   0x00000002   PAD
    0x080018e4   0x080018e4   0x00000008   Code   RO         2252    .text               c_w.l(rt_errno_addr_intlibspace.o)
    0x080018ec   0x080018ec   0x00000008   Code   RO         2284    .text               c_w.l(libspace.o)
    0x080018f4   0x080018f4   0x0000004a   Code   RO         2287    .text               c_w.l(sys_stackheap_outer.o)
    0x0800193e   0x0800193e   0x00000012   Code   RO         2289    .text               c_w.l(exit.o)
    0x08001950   0x08001950   0x0000000c   Code   RO         2354    .text               c_w.l(sys_exit.o)
    0x0800195c   0x0800195c   0x00000002   Code   RO         2377    .text               c_w.l(use_no_semi.o)
    0x0800195e   0x0800195e   0x00000000   Code   RO         2379    .text               c_w.l(indicate_semi.o)
    0x0800195e   0x0800195e   0x0000006c   Code   RO          975    .text.ADC_DMAConvCplt  stm32f4xx_hal_adc.o
    0x080019ca   0x080019ca   0x00000012   Code   RO          979    .text.ADC_DMAError  stm32f4xx_hal_adc.o
    0x080019dc   0x080019dc   0x00000006   Code   RO          977    .text.ADC_DMAHalfConvCplt  stm32f4xx_hal_adc.o
    0x080019e2   0x080019e2   0x00000002   Code   RO           73    .text.BusFault_Handler  stm32f4xx_it.o
    0x080019e4   0x080019e4   0x00000004   Code   RO          186    .text.CDC_Control_FS  usbd_cdc_if.o
    0x080019e8   0x080019e8   0x00000004   Code   RO          184    .text.CDC_DeInit_FS  usbd_cdc_if.o
    0x080019ec   0x080019ec   0x00000024   Code   RO          182    .text.CDC_Init_FS   usbd_cdc_if.o
    0x08001a10   0x08001a10   0x00000018   Code   RO          188    .text.CDC_Receive_FS  usbd_cdc_if.o
    0x08001a28   0x08001a28   0x00000004   Code   RO          190    .text.CDC_TransmitCplt_FS  usbd_cdc_if.o
    0x08001a2c   0x08001a2c   0x0000002c   Code   RO          192    .text.CDC_Transmit_FS  usbd_cdc_if.o
    0x08001a58   0x08001a58   0x00000008   Code   RO           85    .text.DMA2_Stream0_IRQHandler  stm32f4xx_it.o
    0x08001a60   0x08001a60   0x0000000c   Code   RO           87    .text.DMA2_Stream2_IRQHandler  stm32f4xx_it.o
    0x08001a6c   0x08001a6c   0x0000000c   Code   RO           89    .text.DMA2_Stream3_IRQHandler  stm32f4xx_it.o
    0x08001a78   0x08001a78   0x0000000c   Code   RO           93    .text.DMA2_Stream7_IRQHandler  stm32f4xx_it.o
    0x08001a84   0x08001a84   0x00000038   Code   RO          692    .text.DMA_CalcBaseAndBitshift  stm32f4xx_hal_dma.o
    0x08001abc   0x08001abc   0x00000002   Code   RO           79    .text.DebugMon_Handler  stm32f4xx_it.o
    0x08001abe   0x08001abe   0x00000008   Code   RO           25    .text.Error_Handler  main.o
    0x08001ac6   0x08001ac6   0x00000002   PAD
    0x08001ac8   0x08001ac8   0x00000108   Code   RO          987    .text.HAL_ADC_ConfigChannel  stm32f4xx_hal_adc.o
    0x08001bd0   0x08001bd0   0x00000060   Code   RO           11    .text.HAL_ADC_ConvCpltCallback  main.o
    0x08001c30   0x08001c30   0x00000002   Code   RO          985    .text.HAL_ADC_ConvHalfCpltCallback  stm32f4xx_hal_adc.o
    0x08001c32   0x08001c32   0x00000002   Code   RO          971    .text.HAL_ADC_ErrorCallback  stm32f4xx_hal_adc.o
    0x08001c34   0x08001c34   0x00000148   Code   RO          945    .text.HAL_ADC_Init  stm32f4xx_hal_adc.o
    0x08001d7c   0x08001d7c   0x00000098   Code   RO          107    .text.HAL_ADC_MspInit  stm32f4xx_hal_msp.o
    0x08001e14   0x08001e14   0x00000130   Code   RO          973    .text.HAL_ADC_Start_DMA  stm32f4xx_hal_adc.o
    0x08001f44   0x08001f44   0x00000180   Code   RO          706    .text.HAL_DMA_IRQHandler  stm32f4xx_hal_dma.o
    0x080020c4   0x080020c4   0x0000012c   Code   RO          690    .text.HAL_DMA_Init  stm32f4xx_hal_dma.o
    0x080021f0   0x080021f0   0x000000a0   Code   RO          698    .text.HAL_DMA_Start_IT  stm32f4xx_hal_dma.o
    0x08002290   0x08002290   0x00000028   Code   RO          870    .text.HAL_Delay     stm32f4xx_hal.o
    0x080022b8   0x080022b8   0x00000190   Code   RO          646    .text.HAL_GPIO_Init  stm32f4xx_hal_gpio.o
    0x08002448   0x08002448   0x0000000a   Code   RO          652    .text.HAL_GPIO_WritePin  stm32f4xx_hal_gpio.o
    0x08002452   0x08002452   0x00000002   PAD
    0x08002454   0x08002454   0x00000008   Code   RO          862    .text.HAL_GetTick   stm32f4xx_hal.o
    0x0800245c   0x0800245c   0x0000000c   Code   RO          860    .text.HAL_IncTick   stm32f4xx_hal.o
    0x08002468   0x08002468   0x00000034   Code   RO          850    .text.HAL_Init      stm32f4xx_hal.o
    0x0800249c   0x0800249c   0x00000040   Code   RO          852    .text.HAL_InitTick  stm32f4xx_hal.o
    0x080024dc   0x080024dc   0x00000038   Code   RO          105    .text.HAL_MspInit   stm32f4xx_hal_msp.o
    0x08002514   0x08002514   0x0000001c   Code   RO          807    .text.HAL_NVIC_EnableIRQ  stm32f4xx_hal_cortex.o
    0x08002530   0x08002530   0x00000058   Code   RO          805    .text.HAL_NVIC_SetPriority  stm32f4xx_hal_cortex.o
    0x08002588   0x08002588   0x00000020   Code   RO          803    .text.HAL_NVIC_SetPriorityGrouping  stm32f4xx_hal_cortex.o
    0x080025a8   0x080025a8   0x00000002   Code   RO          364    .text.HAL_PCDEx_LPM_Callback  stm32f4xx_hal_pcd_ex.o
    0x080025aa   0x080025aa   0x00000008   Code   RO          362    .text.HAL_PCDEx_SetRxFiFo  stm32f4xx_hal_pcd_ex.o
    0x080025b2   0x080025b2   0x00000050   Code   RO          360    .text.HAL_PCDEx_SetTxFiFo  stm32f4xx_hal_pcd_ex.o
    0x08002602   0x08002602   0x00000008   Code   RO          230    .text.HAL_PCD_ConnectCallback  usbd_conf.o
    0x0800260a   0x0800260a   0x00000012   Code   RO          216    .text.HAL_PCD_DataInStageCallback  usbd_conf.o
    0x0800261c   0x0800261c   0x00000014   Code   RO          214    .text.HAL_PCD_DataOutStageCallback  usbd_conf.o
    0x08002630   0x08002630   0x00000008   Code   RO          232    .text.HAL_PCD_DisconnectCallback  usbd_conf.o
    0x08002638   0x08002638   0x0000004a   Code   RO          329    .text.HAL_PCD_EP_Close  stm32f4xx_hal_pcd.o
    0x08002682   0x08002682   0x00000058   Code   RO          339    .text.HAL_PCD_EP_ClrStall  stm32f4xx_hal_pcd.o
    0x080026da   0x080026da   0x00000012   Code   RO          333    .text.HAL_PCD_EP_GetRxCount  stm32f4xx_hal_pcd.o
    0x080026ec   0x080026ec   0x0000005e   Code   RO          327    .text.HAL_PCD_EP_Open  stm32f4xx_hal_pcd.o
    0x0800274a   0x0800274a   0x00000046   Code   RO          331    .text.HAL_PCD_EP_Receive  stm32f4xx_hal_pcd.o
    0x08002790   0x08002790   0x0000006a   Code   RO          337    .text.HAL_PCD_EP_SetStall  stm32f4xx_hal_pcd.o
    0x080027fa   0x080027fa   0x00000046   Code   RO          335    .text.HAL_PCD_EP_Transmit  stm32f4xx_hal_pcd.o
    0x08002840   0x08002840   0x000005f2   Code   RO          295    .text.HAL_PCD_IRQHandler  stm32f4xx_hal_pcd.o
    0x08002e32   0x08002e32   0x00000008   Code   RO          228    .text.HAL_PCD_ISOINIncompleteCallback  usbd_conf.o
    0x08002e3a   0x08002e3a   0x00000008   Code   RO          226    .text.HAL_PCD_ISOOUTIncompleteCallback  usbd_conf.o
    0x08002e42   0x08002e42   0x0000012c   Code   RO          283    .text.HAL_PCD_Init  stm32f4xx_hal_pcd.o
    0x08002f6e   0x08002f6e   0x00000002   PAD
    0x08002f70   0x08002f70   0x00000084   Code   RO          208    .text.HAL_PCD_MspInit  usbd_conf.o
    0x08002ff4   0x08002ff4   0x00000024   Code   RO          220    .text.HAL_PCD_ResetCallback  usbd_conf.o
    0x08003018   0x08003018   0x00000008   Code   RO          224    .text.HAL_PCD_ResumeCallback  usbd_conf.o
    0x08003020   0x08003020   0x00000008   Code   RO          218    .text.HAL_PCD_SOFCallback  usbd_conf.o
    0x08003028   0x08003028   0x0000002a   Code   RO          325    .text.HAL_PCD_SetAddress  stm32f4xx_hal_pcd.o
    0x08003052   0x08003052   0x0000000e   Code   RO          212    .text.HAL_PCD_SetupStageCallback  usbd_conf.o
    0x08003060   0x08003060   0x00000040   Code   RO          291    .text.HAL_PCD_Start  stm32f4xx_hal_pcd.o
    0x080030a0   0x080030a0   0x00000030   Code   RO          222    .text.HAL_PCD_SuspendCallback  usbd_conf.o
    0x080030d0   0x080030d0   0x0000012c   Code   RO          490    .text.HAL_RCC_ClockConfig  stm32f4xx_hal_rcc.o
    0x080031fc   0x080031fc   0x00000008   Code   RO          500    .text.HAL_RCC_GetHCLKFreq  stm32f4xx_hal_rcc.o
    0x08003204   0x08003204   0x00000014   Code   RO          502    .text.HAL_RCC_GetPCLK1Freq  stm32f4xx_hal_rcc.o
    0x08003218   0x08003218   0x00000020   Code   RO          504    .text.HAL_RCC_GetPCLK2Freq  stm32f4xx_hal_rcc.o
    0x08003238   0x08003238   0x0000005c   Code   RO          492    .text.HAL_RCC_GetSysClockFreq  stm32f4xx_hal_rcc.o
    0x08003294   0x08003294   0x00000374   Code   RO          488    .text.HAL_RCC_OscConfig  stm32f4xx_hal_rcc.o
    0x08003608   0x08003608   0x000000c4   Code   RO         1055    .text.HAL_SPI_Init  stm32f4xx_hal_spi.o
    0x080036cc   0x080036cc   0x000000a0   Code   RO          111    .text.HAL_SPI_MspInit  stm32f4xx_hal_msp.o
    0x0800376c   0x0800376c   0x00000028   Code   RO          813    .text.HAL_SYSTICK_Config  stm32f4xx_hal_cortex.o
    0x08003794   0x08003794   0x00000070   Code   RO         1486    .text.HAL_TIMEx_MasterConfigSynchronization  stm32f4xx_hal_tim_ex.o
    0x08003804   0x08003804   0x00000058   Code   RO         1176    .text.HAL_TIM_Base_Init  stm32f4xx_hal_tim.o
    0x0800385c   0x0800385c   0x00000068   Code   RO          115    .text.HAL_TIM_Base_MspInit  stm32f4xx_hal_msp.o
    0x080038c4   0x080038c4   0x00000068   Code   RO         1190    .text.HAL_TIM_Base_Start_IT  stm32f4xx_hal_tim.o
    0x0800392c   0x0800392c   0x000000f8   Code   RO         1364    .text.HAL_TIM_ConfigClockSource  stm32f4xx_hal_tim.o
    0x08003a24   0x08003a24   0x000000b8   Code   RO          117    .text.HAL_TIM_MspPostInit  stm32f4xx_hal_msp.o
    0x08003adc   0x08003adc   0x0000009a   Code   RO         1338    .text.HAL_TIM_PWM_ConfigChannel  stm32f4xx_hal_tim.o
    0x08003b76   0x08003b76   0x00000058   Code   RO         1230    .text.HAL_TIM_PWM_Init  stm32f4xx_hal_tim.o
    0x08003bce   0x08003bce   0x00000002   Code   RO         1232    .text.HAL_TIM_PWM_MspInit  stm32f4xx_hal_tim.o
    0x08003bd0   0x08003bd0   0x0000005c   Code   RO         1513    .text.HAL_UART_Init  stm32f4xx_hal_uart.o
    0x08003c2c   0x08003c2c   0x000000dc   Code   RO          121    .text.HAL_UART_MspInit  stm32f4xx_hal_msp.o
    0x08003d08   0x08003d08   0x00000002   Code   RO           69    .text.HardFault_Handler  stm32f4xx_it.o
    0x08003d0a   0x08003d0a   0x00000032   Code   RO          164    .text.IntToUnicode  usbd_desc.o
    0x08003d3c   0x08003d3c   0x00000050   Code   RO          136    .text.MX_USB_DEVICE_Init  usb_device.o
    0x08003d8c   0x08003d8c   0x00000002   Code   RO           71    .text.MemManage_Handler  stm32f4xx_it.o
    0x08003d8e   0x08003d8e   0x00000002   Code   RO           67    .text.NMI_Handler   stm32f4xx_it.o
    0x08003d90   0x08003d90   0x0000000c   Code   RO           91    .text.OTG_FS_IRQHandler  stm32f4xx_it.o
    0x08003d9c   0x08003d9c   0x00000002   Code   RO           81    .text.PendSV_Handler  stm32f4xx_it.o
    0x08003d9e   0x08003d9e   0x00000002   Code   RO           77    .text.SVC_Handler   stm32f4xx_it.o
    0x08003da0   0x08003da0   0x00000004   Code   RO           83    .text.SysTick_Handler  stm32f4xx_it.o
    0x08003da4   0x08003da4   0x000000a8   Code   RO           23    .text.SystemClock_Config  main.o
    0x08003e4c   0x08003e4c   0x00000010   Code   RO         1642    .text.SystemInit    system_stm32f4xx.o
    0x08003e5c   0x08003e5c   0x000000a0   Code   RO         1180    .text.TIM_Base_SetConfig  stm32f4xx_hal_tim.o
    0x08003efc   0x08003efc   0x00000058   Code   RO         1324    .text.TIM_OC1_SetConfig  stm32f4xx_hal_tim.o
    0x08003f54   0x08003f54   0x00000060   Code   RO         1326    .text.TIM_OC2_SetConfig  stm32f4xx_hal_tim.o
    0x08003fb4   0x08003fb4   0x00000060   Code   RO         1328    .text.TIM_OC3_SetConfig  stm32f4xx_hal_tim.o
    0x08004014   0x08004014   0x0000004c   Code   RO         1330    .text.TIM_OC4_SetConfig  stm32f4xx_hal_tim.o
    0x08004060   0x08004060   0x00000022   Code   RO         1366    .text.TIM_TI1_ConfigInputStage  stm32f4xx_hal_tim.o
    0x08004082   0x08004082   0x00000022   Code   RO         1368    .text.TIM_TI2_ConfigInputStage  stm32f4xx_hal_tim.o
    0x080040a4   0x080040a4   0x000000cc   Code   RO         1517    .text.UART_SetConfig  stm32f4xx_hal_uart.o
    0x08004170   0x08004170   0x00000066   Code   RO         1768    .text.USBD_CDC_DataIn  usbd_cdc.o
    0x080041d6   0x080041d6   0x0000002e   Code   RO         1770    .text.USBD_CDC_DataOut  usbd_cdc.o
    0x08004204   0x08004204   0x00000044   Code   RO         1762    .text.USBD_CDC_DeInit  usbd_cdc.o
    0x08004248   0x08004248   0x00000030   Code   RO         1766    .text.USBD_CDC_EP0_RxReady  usbd_cdc.o
    0x08004278   0x08004278   0x0000000c   Code   RO         1778    .text.USBD_CDC_GetDeviceQualifierDescriptor  usbd_cdc.o
    0x08004284   0x08004284   0x0000000c   Code   RO         1774    .text.USBD_CDC_GetFSCfgDesc  usbd_cdc.o
    0x08004290   0x08004290   0x0000000c   Code   RO         1772    .text.USBD_CDC_GetHSCfgDesc  usbd_cdc.o
    0x0800429c   0x0800429c   0x0000000c   Code   RO         1776    .text.USBD_CDC_GetOtherSpeedCfgDesc  usbd_cdc.o
    0x080042a8   0x080042a8   0x000000a4   Code   RO         1760    .text.USBD_CDC_Init  usbd_cdc.o
    0x0800434c   0x0800434c   0x0000002a   Code   RO         1788    .text.USBD_CDC_ReceivePacket  usbd_cdc.o
    0x08004376   0x08004376   0x00000010   Code   RO         1780    .text.USBD_CDC_RegisterInterface  usbd_cdc.o
    0x08004386   0x08004386   0x00000014   Code   RO         1784    .text.USBD_CDC_SetRxBuffer  usbd_cdc.o
    0x0800439a   0x0800439a   0x00000018   Code   RO         1782    .text.USBD_CDC_SetTxBuffer  usbd_cdc.o
    0x080043b2   0x080043b2   0x000000b8   Code   RO         1764    .text.USBD_CDC_Setup  usbd_cdc.o
    0x0800446a   0x0800446a   0x00000032   Code   RO         1786    .text.USBD_CDC_TransmitPacket  usbd_cdc.o
    0x0800449c   0x0800449c   0x00000014   Code   RO         1674    .text.USBD_ClrClassConfig  usbd_core.o
    0x080044b0   0x080044b0   0x00000010   Code   RO         1741    .text.USBD_CtlContinueRx  usbd_ioreq.o
    0x080044c0   0x080044c0   0x00000010   Code   RO         1737    .text.USBD_CtlContinueSendData  usbd_ioreq.o
    0x080044d0   0x080044d0   0x00000016   Code   RO         1713    .text.USBD_CtlError  usbd_ctlreq.o
    0x080044e6   0x080044e6   0x0000001a   Code   RO         1739    .text.USBD_CtlPrepareRx  usbd_ioreq.o
    0x08004500   0x08004500   0x00000016   Code   RO         1745    .text.USBD_CtlReceiveStatus  usbd_ioreq.o
    0x08004516   0x08004516   0x0000001a   Code   RO         1735    .text.USBD_CtlSendData  usbd_ioreq.o
    0x08004530   0x08004530   0x00000016   Code   RO         1743    .text.USBD_CtlSendStatus  usbd_ioreq.o
    0x08004546   0x08004546   0x00000002   PAD
    0x08004548   0x08004548   0x00000024   Code   RO          160    .text.USBD_FS_ConfigStrDescriptor  usbd_desc.o
    0x0800456c   0x0800456c   0x0000000c   Code   RO          150    .text.USBD_FS_DeviceDescriptor  usbd_desc.o
    0x08004578   0x08004578   0x00000028   Code   RO          162    .text.USBD_FS_InterfaceStrDescriptor  usbd_desc.o
    0x080045a0   0x080045a0   0x0000000c   Code   RO          152    .text.USBD_FS_LangIDStrDescriptor  usbd_desc.o
    0x080045ac   0x080045ac   0x0000002c   Code   RO          154    .text.USBD_FS_ManufacturerStrDescriptor  usbd_desc.o
    0x080045d8   0x080045d8   0x00000030   Code   RO          156    .text.USBD_FS_ProductStrDescriptor  usbd_desc.o
    0x08004608   0x08004608   0x00000038   Code   RO          158    .text.USBD_FS_SerialStrDescriptor  usbd_desc.o
    0x08004640   0x08004640   0x00000058   Code   RO         1721    .text.USBD_GetString  usbd_ctlreq.o
    0x08004698   0x08004698   0x00000028   Code   RO         1660    .text.USBD_Init     usbd_core.o
    0x080046c0   0x080046c0   0x00000020   Code   RO          252    .text.USBD_LL_ClearStallEP  usbd_conf.o
    0x080046e0   0x080046e0   0x00000020   Code   RO          246    .text.USBD_LL_CloseEP  usbd_conf.o
    0x08004700   0x08004700   0x000000a6   Code   RO         1680    .text.USBD_LL_DataInStage  usbd_core.o
    0x080047a6   0x080047a6   0x00000070   Code   RO         1678    .text.USBD_LL_DataOutStage  usbd_core.o
    0x08004816   0x08004816   0x00000004   Code   RO         1696    .text.USBD_LL_DevConnected  usbd_core.o
    0x0800481a   0x0800481a   0x0000001c   Code   RO         1698    .text.USBD_LL_DevDisconnected  usbd_core.o
    0x08004836   0x08004836   0x00000008   Code   RO          262    .text.USBD_LL_GetRxDataSize  usbd_conf.o
    0x0800483e   0x0800483e   0x00000002   PAD
    0x08004840   0x08004840   0x00000064   Code   RO          234    .text.USBD_LL_Init  usbd_conf.o
    0x080048a4   0x080048a4   0x00000022   Code   RO          254    .text.USBD_LL_IsStallEP  usbd_conf.o
    0x080048c6   0x080048c6   0x00000028   Code   RO         1692    .text.USBD_LL_IsoINIncomplete  usbd_core.o
    0x080048ee   0x080048ee   0x00000028   Code   RO         1694    .text.USBD_LL_IsoOUTIncomplete  usbd_core.o
    0x08004916   0x08004916   0x00000002   PAD
    0x08004918   0x08004918   0x00000024   Code   RO          244    .text.USBD_LL_OpenEP  usbd_conf.o
    0x0800493c   0x0800493c   0x00000020   Code   RO          260    .text.USBD_LL_PrepareReceive  usbd_conf.o
    0x0800495c   0x0800495c   0x00000060   Code   RO         1682    .text.USBD_LL_Reset  usbd_core.o
    0x080049bc   0x080049bc   0x00000014   Code   RO         1688    .text.USBD_LL_Resume  usbd_core.o
    0x080049d0   0x080049d0   0x00000028   Code   RO         1690    .text.USBD_LL_SOF   usbd_core.o
    0x080049f8   0x080049f8   0x00000006   Code   RO         1684    .text.USBD_LL_SetSpeed  usbd_core.o
    0x080049fe   0x080049fe   0x00000002   PAD
    0x08004a00   0x08004a00   0x00000020   Code   RO          256    .text.USBD_LL_SetUSBAddress  usbd_conf.o
    0x08004a20   0x08004a20   0x00000060   Code   RO         1676    .text.USBD_LL_SetupStage  usbd_core.o
    0x08004a80   0x08004a80   0x00000024   Code   RO          250    .text.USBD_LL_StallEP  usbd_conf.o
    0x08004aa4   0x08004aa4   0x00000024   Code   RO          240    .text.USBD_LL_Start  usbd_conf.o
    0x08004ac8   0x08004ac8   0x00000012   Code   RO         1686    .text.USBD_LL_Suspend  usbd_core.o
    0x08004ada   0x08004ada   0x00000002   PAD
    0x08004adc   0x08004adc   0x00000024   Code   RO          258    .text.USBD_LL_Transmit  usbd_conf.o
    0x08004b00   0x08004b00   0x00000028   Code   RO         1719    .text.USBD_ParseSetupRequest  usbd_ctlreq.o
    0x08004b28   0x08004b28   0x0000002c   Code   RO         1664    .text.USBD_RegisterClass  usbd_core.o
    0x08004b54   0x08004b54   0x0000000e   Code   RO         1672    .text.USBD_SetClassConfig  usbd_core.o
    0x08004b62   0x08004b62   0x00000004   Code   RO         1666    .text.USBD_Start    usbd_core.o
    0x08004b66   0x08004b66   0x00000002   PAD
    0x08004b68   0x08004b68   0x000002c4   Code   RO         1711    .text.USBD_StdDevReq  usbd_ctlreq.o
    0x08004e2c   0x08004e2c   0x00000132   Code   RO         1717    .text.USBD_StdEPReq  usbd_ctlreq.o
    0x08004f5e   0x08004f5e   0x0000004e   Code   RO         1715    .text.USBD_StdItfReq  usbd_ctlreq.o
    0x08004fac   0x08004fac   0x00000002   Code   RO          266    .text.USBD_static_free  usbd_conf.o
    0x08004fae   0x08004fae   0x00000002   PAD
    0x08004fb0   0x08004fb0   0x00000008   Code   RO          264    .text.USBD_static_malloc  usbd_conf.o
    0x08004fb8   0x08004fb8   0x0000007c   Code   RO          403    .text.USB_ActivateEndpoint  stm32f4xx_ll_usb.o
    0x08005034   0x08005034   0x0000001e   Code   RO          443    .text.USB_ActivateSetup  stm32f4xx_ll_usb.o
    0x08005052   0x08005052   0x00000002   PAD
    0x08005054   0x08005054   0x00000078   Code   RO          379    .text.USB_CoreInit  stm32f4xx_ll_usb.o
    0x080050cc   0x080050cc   0x00000048   Code   RO          381    .text.USB_CoreReset  stm32f4xx_ll_usb.o
    0x08005114   0x08005114   0x00000084   Code   RO          407    .text.USB_DeactivateEndpoint  stm32f4xx_ll_usb.o
    0x08005198   0x08005198   0x0000001c   Code   RO          427    .text.USB_DevConnect  stm32f4xx_ll_usb.o
    0x080051b4   0x080051b4   0x0000001c   Code   RO          429    .text.USB_DevDisconnect  stm32f4xx_ll_usb.o
    0x080051d0   0x080051d0   0x0000016c   Code   RO          393    .text.USB_DevInit   stm32f4xx_ll_usb.o
    0x0800533c   0x0800533c   0x0000000c   Code   RO          387    .text.USB_DisableGlobalInt  stm32f4xx_ll_usb.o
    0x08005348   0x08005348   0x000000e4   Code   RO          415    .text.USB_EP0StartXfer  stm32f4xx_ll_usb.o
    0x0800542c   0x0800542c   0x00000058   Code   RO          445    .text.USB_EP0_OutStart  stm32f4xx_ll_usb.o
    0x08005484   0x08005484   0x00000032   Code   RO          421    .text.USB_EPClearStall  stm32f4xx_ll_usb.o
    0x080054b6   0x080054b6   0x00000038   Code   RO          419    .text.USB_EPSetStall  stm32f4xx_ll_usb.o
    0x080054ee   0x080054ee   0x00000002   PAD
    0x080054f0   0x080054f0   0x00000178   Code   RO          411    .text.USB_EPStartXfer  stm32f4xx_ll_usb.o
    0x08005668   0x08005668   0x0000000c   Code   RO          385    .text.USB_EnableGlobalInt  stm32f4xx_ll_usb.o
    0x08005674   0x08005674   0x0000002c   Code   RO          399    .text.USB_FlushRxFifo  stm32f4xx_ll_usb.o
    0x080056a0   0x080056a0   0x00000034   Code   RO          397    .text.USB_FlushTxFifo  stm32f4xx_ll_usb.o
    0x080056d4   0x080056d4   0x0000001e   Code   RO          401    .text.USB_GetDevSpeed  stm32f4xx_ll_usb.o
    0x080056f2   0x080056f2   0x00000008   Code   RO          391    .text.USB_GetMode   stm32f4xx_ll_usb.o
    0x080056fa   0x080056fa   0x0000000e   Code   RO          435    .text.USB_ReadDevAllInEpInterrupt  stm32f4xx_ll_usb.o
    0x08005708   0x08005708   0x0000000e   Code   RO          433    .text.USB_ReadDevAllOutEpInterrupt  stm32f4xx_ll_usb.o
    0x08005716   0x08005716   0x00000024   Code   RO          439    .text.USB_ReadDevInEPInterrupt  stm32f4xx_ll_usb.o
    0x0800573a   0x0800573a   0x00000010   Code   RO          437    .text.USB_ReadDevOutEPInterrupt  stm32f4xx_ll_usb.o
    0x0800574a   0x0800574a   0x00000008   Code   RO          431    .text.USB_ReadInterrupts  stm32f4xx_ll_usb.o
    0x08005752   0x08005752   0x00000058   Code   RO          417    .text.USB_ReadPacket  stm32f4xx_ll_usb.o
    0x080057aa   0x080057aa   0x00000062   Code   RO          389    .text.USB_SetCurrentMode  stm32f4xx_ll_usb.o
    0x0800580c   0x0800580c   0x00000022   Code   RO          425    .text.USB_SetDevAddress  stm32f4xx_ll_usb.o
    0x0800582e   0x0800582e   0x00000002   PAD
    0x08005830   0x08005830   0x000000f0   Code   RO          383    .text.USB_SetTurnaroundTime  stm32f4xx_ll_usb.o
    0x08005920   0x08005920   0x0000002a   Code   RO          413    .text.USB_WritePacket  stm32f4xx_ll_usb.o
    0x0800594a   0x0800594a   0x00000002   Code   RO           75    .text.UsageFault_Handler  stm32f4xx_it.o
    0x0800594c   0x0800594c   0x00000014   Code   RO           17    .text.blockSendUSB  main.o
    0x08005960   0x08005960   0x0000057c   Code   RO           21    .text.main          main.o
    0x08005edc   0x08005edc   0x0000001c   Code   RO           15    .text.printUSB      main.o
    0x08005ef8   0x08005ef8   0x0000003e   Code   RO         2176    i.sqrtf             m_wm.l(sqrtf.o)
    0x08005f36   0x08005f36   0x00000012   Code   RO         2146    x$fpl$fadd          fz_wm.l(faddsub_clz.o)
    0x08005f48   0x08005f48   0x00000012   Code   RO         2152    x$fpl$fdiv          fz_wm.l(fdiv.o)
    0x08005f5a   0x08005f5a   0x0000000e   Code   RO         2156    x$fpl$ffltu         fz_wm.l(fflt_clz.o)
    0x08005f68   0x08005f68   0x00000012   Code   RO         2160    x$fpl$fmul          fz_wm.l(fmul.o)
    0x08005f7a   0x08005f7a   0x0000000a   Code   RO         2371    x$fpl$fpinit        fz_wm.l(fpinit.o)
    0x08005f84   0x08005f84   0x00000012   Code   RO         2147    x$fpl$fsub          fz_wm.l(faddsub_clz.o)
    0x08005f96   0x08005f96   0x00000000   Code   RO         2203    x$fpl$usenofp       fz_wm.l(usenofp.o)
    0x08005f96   0x08005f96   0x00000002   PAD
    0x08005f98   0x08005f98   0x00000010   Data   RO         1892    .constdata          arm_cortexM4l_math.lib(arm_const_structs.o)
    0x08005fa8   0x08005fa8   0x00002000   Data   RO         2056    .constdata          arm_cortexM4l_math.lib(arm_common_tables.o)
    0x08007fa8   0x08007fa8   0x00000e10   Data   RO         2085    .constdata          arm_cortexM4l_math.lib(arm_common_tables.o)
    0x08008db8   0x08008db8   0x00000010   Data   RO         1647    .rodata.AHBPrescTable  system_stm32f4xx.o
    0x08008dc8   0x08008dc8   0x00000008   Data   RO         1648    .rodata.APBPrescTable  system_stm32f4xx.o
    0x08008dd0   0x08008dd0   0x00000005   Data   RO           32    .rodata.strOK       main.o
    0x08008dd5   0x08008dd5   0x00000003   PAD
    0x08008dd8   0x08008dd8   0x00000020   Data   RO         2431    Region$$Table       anon$$obj.o


    Execution Region RW_IRAM1 (Exec base: 0x20000000, Load base: 0x08008e00, Size: 0x00006268, Max: 0x00020000, ABSOLUTE, COMPRESSED[0x000000d0])

    Exec Addr    Load Addr    Size         Type   Attr      Idx    E Section Name        Object

    0x20000000   COMPRESSED   0x0000006c   Data   RW           50    .data..L_MergedGlobals  main.o
    0x2000006c   COMPRESSED   0x0000000c   Data   RW          904    .data..L_MergedGlobals  stm32f4xx_hal.o
    0x20000078   COMPRESSED   0x0000001c   Data   RW          166    .data.FS_Desc       usbd_desc.o
    0x20000094   COMPRESSED   0x00000004   Data   RW         1646    .data.SystemCoreClock  system_stm32f4xx.o
    0x20000098   COMPRESSED   0x00000038   Data   RW         1790    .data.USBD_CDC      usbd_cdc.o
    0x200000d0   COMPRESSED   0x00000043   Data   RW         1792    .data.USBD_CDC_CfgFSDesc  usbd_cdc.o
    0x20000113   COMPRESSED   0x00000001   PAD
    0x20000114   COMPRESSED   0x00000043   Data   RW         1793    .data.USBD_CDC_CfgHSDesc  usbd_cdc.o
    0x20000157   COMPRESSED   0x00000001   PAD
    0x20000158   COMPRESSED   0x0000000a   Data   RW         1791    .data.USBD_CDC_DeviceQualifierDesc  usbd_cdc.o
    0x20000162   COMPRESSED   0x00000002   PAD
    0x20000164   COMPRESSED   0x00000043   Data   RW         1794    .data.USBD_CDC_OtherSpeedCfgDesc  usbd_cdc.o
    0x200001a7   COMPRESSED   0x00000001   PAD
    0x200001a8   COMPRESSED   0x00000012   Data   RW          167    .data.USBD_FS_DeviceDesc  usbd_desc.o
    0x200001ba   COMPRESSED   0x00000002   PAD
    0x200001bc   COMPRESSED   0x00000014   Data   RW          194    .data.USBD_Interface_fops_FS  usbd_cdc_if.o
    0x200001d0   COMPRESSED   0x00000004   Data   RW          168    .data.USBD_LangIDDesc  usbd_desc.o
    0x200001d4   COMPRESSED   0x0000001a   Data   RW          169    .data.USBD_StringSerial  usbd_desc.o
    0x200001ee   COMPRESSED   0x00000002   PAD
    0x200001f0        -       0x00000060   Zero   RW         2285    .bss                c_w.l(libspace.o)
    0x20000250        -       0x00000048   Zero   RW           51    .bss..L_MergedGlobals.1  main.o
    0x20000298   COMPRESSED   0x00000008   PAD
    0x200002a0        -       0x00000048   Zero   RW           52    .bss..L_MergedGlobals.2  main.o
    0x200002e8   COMPRESSED   0x00000008   PAD
    0x200002f0        -       0x00000048   Zero   RW           53    .bss..L_MergedGlobals.3  main.o
    0x20000338   COMPRESSED   0x00000008   PAD
    0x20000340        -       0x00000048   Zero   RW           54    .bss..L_MergedGlobals.4  main.o
    0x20000388   COMPRESSED   0x00000008   PAD
    0x20000390        -       0x00000058   Zero   RW           55    .bss..L_MergedGlobals.5  main.o
    0x200003e8        -       0x00000800   Zero   RW           38    .bss.ADC_BUFF       main.o
    0x20000be8        -       0x00002000   Zero   RW           39    .bss.FFTInput       main.o
    0x20002be8        -       0x00001000   Zero   RW           42    .bss.FFTResult      main.o
    0x20003be8        -       0x00000001   Zero   RW         1723    .bss.USBD_SetConfig.cfgidx  usbd_ctlreq.o
    0x20003be9   COMPRESSED   0x00000003   PAD
    0x20003bec        -       0x00000200   Zero   RW          170    .bss.USBD_StrDesc   usbd_desc.o
    0x20003dec        -       0x00000220   Zero   RW          271    .bss.USBD_static_malloc.mem  usbd_conf.o
    0x2000400c        -       0x00000400   Zero   RW          195    .bss.UserRxBufferFS  usbd_cdc_if.o
    0x2000440c        -       0x00000400   Zero   RW          196    .bss.UserTxBufferFS  usbd_cdc_if.o
    0x2000480c        -       0x00000404   Zero   RW           40    .bss.buff           main.o
    0x20004c10        -       0x000002d0   Zero   RW          138    .bss.hUsbDeviceFS   usb_device.o
    0x20004ee0        -       0x00000060   Zero   RW           43    .bss.hdma_adc1      main.o
    0x20004f40        -       0x00000060   Zero   RW           44    .bss.hdma_spi1_tx   main.o
    0x20004fa0        -       0x00000060   Zero   RW           45    .bss.hdma_usart1_rx  main.o
    0x20005000        -       0x00000060   Zero   RW           46    .bss.hdma_usart1_tx  main.o
    0x20005060        -       0x00000408   Zero   RW          270    .bss.hpcd_USB_OTG_FS  usbd_conf.o
    0x20005468        -       0x00000800   Zero   RW           41    .bss.midlvl         main.o
    0x20005c68        -       0x00000200   Zero   RW            2    HEAP                startup_stm32f411xe.o
    0x20005e68        -       0x00000400   Zero   RW            1    STACK               startup_stm32f411xe.o


==============================================================================

Image component sizes


      Code (inc. data)   RO Data    RW Data    ZI Data      Debug   Object Name

      1724        116          5        108      18172      18230   main.o
        64         26        408          0       1536        812   startup_stm32f411xe.o
       176         12          0         12          0       7644   stm32f4xx_hal.o
      1032         44          0          0          0      10611   stm32f4xx_hal_adc.o
       188         24          0          0          0       9934   stm32f4xx_hal_cortex.o
       900         20          0          0          0       8773   stm32f4xx_hal_dma.o
       410         28          0          0          0       5402   stm32f4xx_hal_gpio.o
       876         64          0          0          0      11823   stm32f4xx_hal_msp.o
      2448          4          0          0          0      15349   stm32f4xx_hal_pcd.o
        90          0          0          0          0       4622   stm32f4xx_hal_pcd_ex.o
      1336         48          0          0          0       7808   stm32f4xx_hal_rcc.o
       196          0          0          0          0      21277   stm32f4xx_hal_spi.o
      1268         48          0          0          0      46166   stm32f4xx_hal_tim.o
       112          0          0          0          0      20092   stm32f4xx_hal_tim_ex.o
       296          4          0          0          0      23426   stm32f4xx_hal_uart.o
        76         16          0          0          0       1795   stm32f4xx_it.o
      2444        124          0          0          0      21225   stm32f4xx_ll_usb.o
        16          4         24          4          0       2795   system_stm32f4xx.o
        80         16          0          0        720       3301   usb_device.o
       812         20          0        267          0      10561   usbd_cdc.o
       116         12          0         20       2048       3014   usbd_cdc_if.o
       740         32          0          0       1576      15805   usbd_conf.o
       788          0          0          0          0       7835   usbd_core.o
      1242         38          0          0          1       7959   usbd_ctlreq.o
       298        104          0         76        512       3848   usbd_desc.o
       128          0          0          0          0       4770   usbd_ioreq.o

    ----------------------------------------------------------------------
     17882        804        472        496      24600     294877   Object Totals
         0          0         32          0          0          0   (incl. Generated)
        26          0          3          9         35          0   (incl. Padding)

    ----------------------------------------------------------------------

      Code (inc. data)   RO Data    RW Data    ZI Data      Debug   Library Member Name

       192          0          0          0          0        524   arm_bitreversal2.o
      2610          0          0          0          0      16937   arm_cfft_f32.o
      2168         10          0          0          0       2519   arm_cfft_radix8_f32.o
       296          0          0          0          0      19160   arm_cmplx_mag_f32.o
         0          0      11792          0          0       4704   arm_common_tables.o
         0          0         16          0          0       4212   arm_const_structs.o
        90          0          0          0          0          0   __dczerorl2.o
         8          0          0          0          0         68   __main.o
         0          0          0          0          0          0   __rtentry.o
        12          0          0          0          0          0   __rtentry2.o
         6          0          0          0          0          0   __rtentry4.o
        52          8          0          0          0          0   __scatter.o
        28          0          0          0          0          0   __scatter_zi.o
        22          0          0          0          0        100   _rserrno.o
        18          0          0          0          0         80   exit.o
         6          0          0          0          0        152   heapauxi.o
         0          0          0          0          0          0   indicate_semi.o
         2          0          0          0          0          0   libinit.o
         6          0          0          0          0          0   libinit2.o
         2          0          0          0          0          0   libshutdown.o
         2          0          0          0          0          0   libshutdown2.o
         8          4          0          0         96         68   libspace.o
       238          0          0          0          0        100   lludivv7m.o
         8          4          0          0          0         68   rt_errno_addr_intlibspace.o
        78          0          0          0          0         80   rt_memclr_w.o
         2          0          0          0          0          0   rtexit.o
        10          0          0          0          0          0   rtexit2.o
        62          0          0          0          0         76   strlen.o
        12          4          0          0          0         68   sys_exit.o
        74          0          0          0          0         80   sys_stackheap_outer.o
         2          0          0          0          0         68   use_no_semi.o
        36          0          0          0          0        232   faddsub_clz.o
        18          0          0          0          0        116   fdiv.o
        14          0          0          0          0        116   fflt_clz.o
        18          0          0          0          0        116   fmul.o
        10          0          0          0          0        116   fpinit.o
         0          0          0          0          0          0   usenofp.o
        62          0          0          0          0        136   sqrtf.o

    ----------------------------------------------------------------------
      6182         30      11808          0         96      49896   Library Totals
        10          0          0          0          0          0   (incl. Padding)

    ----------------------------------------------------------------------

      Code (inc. data)   RO Data    RW Data    ZI Data      Debug   Library Name

      5266         10      11808          0          0      48056   arm_cortexM4l_math.lib
       748         20          0          0         96       1008   c_w.l
        96          0          0          0          0        696   fz_wm.l
        62          0          0          0          0        136   m_wm.l

    ----------------------------------------------------------------------
      6182         30      11808          0         96      49896   Library Totals

    ----------------------------------------------------------------------

==============================================================================


      Code (inc. data)   RO Data    RW Data    ZI Data      Debug   

     24064        834      12280        496      24696     343265   Grand Totals
     24064        834      12280        208      24696     343265   ELF Image Totals (compressed)
     24064        834      12280        208          0          0   ROM Totals

==============================================================================

    Total RO  Size (Code + RO Data)                36344 (  35.49kB)
    Total RW  Size (RW Data + ZI Data)             25192 (  24.60kB)
    Total ROM Size (Code + RO Data + RW Data)      36552 (  35.70kB)

==============================================================================

